<html>
<body>
<pre>
<h1>µVision Build Log</h1>
<h2>Tool Versions:</h2>
IDE-Version: ¦ÌVision V5.38.0.0
Copyright (C) 2022 ARM Ltd and ARM Germany GmbH. All rights reserved.
License Information: zzz jq, HP Inc., LIC=KRMW3-AQTW3-8TT3P-M5FWQ-J0CQ6-YVNQW
 
Tool Versions:
Toolchain:       MDK-ARM Plus  Version: 5.38.0.0
Toolchain Path:  C:\Keil_v5\ARM\ARMCC\Bin
C Compiler:      Armcc.exe V5.06 update 7 (build 960)
Assembler:       Armasm.exe V5.06 update 7 (build 960)
Linker/Locator:  ArmLink.exe V5.06 update 7 (build 960)
Library Manager: ArmAr.exe V5.06 update 7 (build 960)
Hex Converter:   FromElf.exe V5.06 update 7 (build 960)
CPU DLL:         SARMCM3.DLL V5.38.0.0
Dialog DLL:      DCM.DLL V1.17.5.0
Target DLL:      STLink\ST-LINKIII-KEIL_SWO.dll V3.1.0.0
Dialog DLL:      TCM.DLL V1.56.4.0
 
<h2>Project:</h2>
C:\Users\29115\Downloads\lab3\LCD3_25\lcd3_22.uvprojx
Project File Date:  11/15/2025

<h2>Output:</h2>
*** Using Compiler 'V5.06 update 7 (build 960)', folder: 'C:\Keil_v5\ARM\ARMCC\Bin'
Rebuild target 'Target 1'
compiling bmp.c...
compiling queue.c...
assembling startup_stm32f10x_hd.s...
compiling appcfg.c...
compiling muc_RS232.c...
compiling muc_LED.c...
compiling stm32f10x_exti.c...
compiling muc_EXIT.c...
compiling misc.c...
compiling rtc.c...
compiling stm32f10x_gpio.c...
compiling main.c...
sources\main.c(46): warning:  #167-D: argument of type "char *" is incompatible with parameter of type "u8 *"
        LCD_ShowString(30, 180, 100, 16, 16, (char*)tbuf);
sources\main.c(48): warning:  #167-D: argument of type "char *" is incompatible with parameter of type "u8 *"
        LCD_ShowString(30, 140, 210, 16, 16, (char*)tbuf);			
sources\main.c(63): warning:  #167-D: argument of type "char *" is incompatible with parameter of type "u8 *"
  			LCD_ShowString(30, 180, 100, 16, 16, (char*)tbuf);			
sources\main.c(72): warning:  #167-D: argument of type "char *" is incompatible with parameter of type "u8 *"
        LCD_ShowString(30, 180, 100, 16, 16, (char*)tbuf);
sources\main.c(110): warning:  #167-D: argument of type "char *" is incompatible with parameter of type "u8 *"
              LCD_ShowString(30, 180, 100, 16, 16, (char*)tbuf);
sources\main.c(113): warning:  #167-D: argument of type "char *" is incompatible with parameter of type "u8 *"
              LCD_ShowString(30, 120, 210, 16, 16, (char*)tbuf);
sources\main.c(115): warning:  #167-D: argument of type "char *" is incompatible with parameter of type "u8 *"
              LCD_ShowString(30, 140, 210, 16, 16, (char*)tbuf);
sources\main.c(117): warning:  #167-D: argument of type "char *" is incompatible with parameter of type "u8 *"
              LCD_ShowString(30, 160, 210, 16, 16, (char *)tbuf);
sources\main.c(124): warning:  #111-D: statement is unreachable
  			 LED_On();
sources\main.c(133): warning:  #223-D: function "strlen" declared implicitly
      if(strlen(time_str) < 19)  
sources\main.c(158): warning:  #1-D: last line of file ends without a newline
  }                           
sources\main.c: 11 warnings, 0 errors
compiling stm32f10x_rcc.c...
compiling muc_lcd93xx.c...
compiling system_stm32f10x.c...
linking...
Program Size: Code=12752 RO-data=6776 RW-data=52 ZI-data=1804  
FromELF: creating hex file...
".\Objects\lcd3_22.axf" - 0 Error(s), 11 Warning(s).

<h2>Software Packages used:</h2>

Package Vendor: ARM
                http://www.keil.com/pack/ARM.CMSIS.5.9.0.pack
                ARM.CMSIS.5.9.0
                CMSIS (Common Microcontroller Software Interface Standard)
   * Component: CORE Version: 5.6.0

Package Vendor: Keil
                https://www.keil.com/pack/Keil.STM32F1xx_DFP.2.4.1.pack
                Keil.STM32F1xx_DFP.2.4.1
                STMicroelectronics STM32F1 Series Device Support, Drivers and Examples
   * Component: Startup Version: 1.0.0
   * Component: EXTI Version: 3.6.0
   * Component: Framework Version: 3.6.0
   * Component: GPIO Version: 3.6.0
   * Component: RCC Version: 3.6.0

<h2>Collection of Component include folders:</h2>
  ./RTE/Device/STM32F103RC
  ./RTE/_Target_1
  C:/Keil_v5/ARM/PACK/ARM/CMSIS/5.9.0/CMSIS/Core/Include
  C:/Keil_v5/ARM/PACK/Keil/STM32F1xx_DFP/2.4.1/Device/Include
  C:/Keil_v5/ARM/PACK/Keil/STM32F1xx_DFP/2.4.1/Device/StdPeriph_Driver/inc

<h2>Collection of Component Files used:</h2>

   * Component: ARM::CMSIS:CORE:5.6.0

   * Component: Keil::Device:Startup:1.0.0
      Source file:   Device/Source/ARM/STM32F1xx_OPT.s
      Source file:   Device/Source/system_stm32f10x.c
      Source file:   Device/Source/ARM/startup_stm32f10x_hd.s
      Include file:  RTE_Driver/Config/RTE_Device.h

   * Component: Keil::Device:StdPeriph Drivers:EXTI:3.6.0
      Include file:  Device/StdPeriph_Driver/inc/stm32f10x_exti.h
      Source file:   Device/StdPeriph_Driver/src/stm32f10x_exti.c

   * Component: Keil::Device:StdPeriph Drivers:Framework:3.6.0
      Source file:   Device/StdPeriph_Driver/templates/stm32f10x_it.c
      Include file:  Device/StdPeriph_Driver/inc/misc.h
      Source file:   Device/StdPeriph_Driver/src/misc.c
      Source file:   Device/StdPeriph_Driver/templates/stm32f10x_conf.h
      Include file:  Device/StdPeriph_Driver/templates/stm32f10x_it.h

   * Component: Keil::Device:StdPeriph Drivers:GPIO:3.6.0
      Include file:  Device/StdPeriph_Driver/inc/stm32f10x_gpio.h
      Source file:   Device/StdPeriph_Driver/src/stm32f10x_gpio.c

   * Component: Keil::Device:StdPeriph Drivers:RCC:3.6.0
      Source file:   Device/StdPeriph_Driver/src/stm32f10x_rcc.c
      Include file:  Device/StdPeriph_Driver/inc/stm32f10x_rcc.h
Build Time Elapsed:  00:00:01
</pre>
</body>
</html>
