Component: ARM Compiler 5.06 update 7 (build 960) Tool: armlink [4d3601]

==============================================================================

Section Cross References

    appcfg.o(i.Delay) refers to appcfg.o(.data) for msTicks
    appcfg.o(i.Delay_ms) refers to appcfg.o(i.Delay) for Delay
    appcfg.o(i.SysTick_Handler) refers to appcfg.o(.data) for msTicks
    main.o(i.display_mode0) refers to _printf_percent.o(.ARM.Collect$$_printf_percent$$00000000) for _printf_percent
    main.o(i.display_mode0) refers to _printf_d.o(.ARM.Collect$$_printf_percent$$00000009) for _printf_d
    main.o(i.display_mode0) refers to _printf_dec.o(.text) for _printf_int_dec
    main.o(i.display_mode0) refers to _printf_pad.o(.text) for _printf_pre_padding
    main.o(i.display_mode0) refers to _printf_s.o(.ARM.Collect$$_printf_percent$$00000014) for _printf_s
    main.o(i.display_mode0) refers to _printf_str.o(.text) for _printf_str
    main.o(i.display_mode0) refers to noretval__2sprintf.o(.text) for __2sprintf
    main.o(i.display_mode0) refers to muc_lcd93xx.o(i.LCD_ShowString) for LCD_ShowString
    main.o(i.display_mode0) refers to rtc.o(i.rtc_get_time) for rtc_get_time
    main.o(i.display_mode0) refers to main.o(.data) for mode
    main.o(i.display_mode0) refers to rtc.o(.bss) for calendar
    main.o(i.display_mode0) refers to main.o(.bss) for alarm
    main.o(i.display_mode1) refers to _printf_percent.o(.ARM.Collect$$_printf_percent$$00000000) for _printf_percent
    main.o(i.display_mode1) refers to _printf_d.o(.ARM.Collect$$_printf_percent$$00000009) for _printf_d
    main.o(i.display_mode1) refers to _printf_dec.o(.text) for _printf_int_dec
    main.o(i.display_mode1) refers to noretval__2sprintf.o(.text) for __2sprintf
    main.o(i.display_mode1) refers to muc_lcd93xx.o(i.LCD_ShowString) for LCD_ShowString
    main.o(i.display_mode1) refers to queue.o(i.queue_dequeue) for queue_dequeue
    main.o(i.display_mode1) refers to main.o(i.parse_time_string) for parse_time_string
    main.o(i.display_mode1) refers to rtc.o(i.rtc_set_time) for rtc_set_time
    main.o(i.display_mode1) refers to rtc.o(i.rtc_get_week) for rtc_get_week
    main.o(i.display_mode1) refers to main.o(.data) for mode
    main.o(i.display_mode1) refers to main.o(.bss) for rx_queue
    main.o(i.display_mode1) refers to rtc.o(.bss) for calendar
    main.o(i.display_mode2) refers to _printf_percent.o(.ARM.Collect$$_printf_percent$$00000000) for _printf_percent
    main.o(i.display_mode2) refers to _printf_d.o(.ARM.Collect$$_printf_percent$$00000009) for _printf_d
    main.o(i.display_mode2) refers to _printf_dec.o(.text) for _printf_int_dec
    main.o(i.display_mode2) refers to _printf_pad.o(.text) for _printf_pre_padding
    main.o(i.display_mode2) refers to _printf_s.o(.ARM.Collect$$_printf_percent$$00000014) for _printf_s
    main.o(i.display_mode2) refers to _printf_str.o(.text) for _printf_str
    main.o(i.display_mode2) refers to muc_lcd93xx.o(i.LCD_ShowString) for LCD_ShowString
    main.o(i.display_mode2) refers to noretval__2sprintf.o(.text) for __2sprintf
    main.o(i.display_mode2) refers to queue.o(i.queue_dequeue) for queue_dequeue
    main.o(i.display_mode2) refers to main.o(i.parse_time_string) for parse_time_string
    main.o(i.display_mode2) refers to rtc.o(i.rtc_set_alarm) for rtc_set_alarm
    main.o(i.display_mode2) refers to main.o(.data) for mode
    main.o(i.display_mode2) refers to main.o(.bss) for rx_queue
    main.o(i.display_mode3) refers to _printf_percent.o(.ARM.Collect$$_printf_percent$$00000000) for _printf_percent
    main.o(i.display_mode3) refers to _printf_d.o(.ARM.Collect$$_printf_percent$$00000009) for _printf_d
    main.o(i.display_mode3) refers to _printf_dec.o(.text) for _printf_int_dec
    main.o(i.display_mode3) refers to muc_lcd93xx.o(i.LCD_ShowString) for LCD_ShowString
    main.o(i.display_mode3) refers to noretval__2sprintf.o(.text) for __2sprintf
    main.o(i.display_mode3) refers to appcfg.o(i.Delay_ms) for Delay_ms
    main.o(i.display_mode3) refers to main.o(.data) for mode
    main.o(i.main) refers to misc.o(i.NVIC_PriorityGroupConfig) for NVIC_PriorityGroupConfig
    main.o(i.main) refers to rtc.o(i.rtc_init) for rtc_init
    main.o(i.main) refers to muc_lcd93xx.o(i.lcd_Init) for lcd_Init
    main.o(i.main) refers to muc_led.o(i.LED_Initialize) for LED_Initialize
    main.o(i.main) refers to muc_rs232.o(i.RS232_Init) for RS232_Init
    main.o(i.main) refers to queue.o(i.queue_init) for queue_init
    main.o(i.main) refers to muc_exit.o(i.muc_EXIT_Init) for muc_EXIT_Init
    main.o(i.main) refers to muc_lcd93xx.o(i.LCD_Clear) for LCD_Clear
    main.o(i.main) refers to main.o(i.display_mode3) for display_mode3
    main.o(i.main) refers to main.o(i.display_mode2) for display_mode2
    main.o(i.main) refers to main.o(i.display_mode1) for display_mode1
    main.o(i.main) refers to main.o(i.display_mode0) for display_mode0
    main.o(i.main) refers to appcfg.o(i.Delay) for Delay
[...]
    Removing stm32f10x_rcc.o(.rrx_text), (6 bytes).
    Removing stm32f10x_rcc.o(i.RCC_ADCCLKConfig), (24 bytes).
    Removing stm32f10x_rcc.o(i.RCC_AHBPeriphClockCmd), (32 bytes).
    Removing stm32f10x_rcc.o(i.RCC_APB1PeriphClockCmd), (32 bytes).
    Removing stm32f10x_rcc.o(i.RCC_APB1PeriphResetCmd), (32 bytes).
    Removing stm32f10x_rcc.o(i.RCC_APB2PeriphClockCmd), (32 bytes).
    Removing stm32f10x_rcc.o(i.RCC_APB2PeriphResetCmd), (32 bytes).
    Removing stm32f10x_rcc.o(i.RCC_AdjustHSICalibrationValue), (24 bytes).
    Removing stm32f10x_rcc.o(i.RCC_BackupResetCmd), (12 bytes).
    Removing stm32f10x_rcc.o(i.RCC_ClearFlag), (20 bytes).
    Removing stm32f10x_rcc.o(i.RCC_ClearITPendingBit), (12 bytes).
    Removing stm32f10x_rcc.o(i.RCC_ClockSecuritySystemCmd), (12 bytes).
    Removing stm32f10x_rcc.o(i.RCC_DeInit), (76 bytes).
    Removing stm32f10x_rcc.o(i.RCC_GetClocksFreq), (212 bytes).
    Removing stm32f10x_rcc.o(i.RCC_GetFlagStatus), (60 bytes).
    Removing stm32f10x_rcc.o(i.RCC_GetITStatus), (24 bytes).
    Removing stm32f10x_rcc.o(i.RCC_GetSYSCLKSource), (16 bytes).
    Removing stm32f10x_rcc.o(i.RCC_HCLKConfig), (24 bytes).
    Removing stm32f10x_rcc.o(i.RCC_HSEConfig), (76 bytes).
    Removing stm32f10x_rcc.o(i.RCC_HSICmd), (12 bytes).
    Removing stm32f10x_rcc.o(i.RCC_ITConfig), (32 bytes).
    Removing stm32f10x_rcc.o(i.RCC_LSEConfig), (52 bytes).
    Removing stm32f10x_rcc.o(i.RCC_LSICmd), (12 bytes).
    Removing stm32f10x_rcc.o(i.RCC_MCOConfig), (12 bytes).
    Removing stm32f10x_rcc.o(i.RCC_PCLK1Config), (24 bytes).
    Removing stm32f10x_rcc.o(i.RCC_PCLK2Config), (24 bytes).
    Removing stm32f10x_rcc.o(i.RCC_PLLCmd), (12 bytes).
    Removing stm32f10x_rcc.o(i.RCC_PLLConfig), (28 bytes).
    Removing stm32f10x_rcc.o(i.RCC_RTCCLKCmd), (12 bytes).
    Removing stm32f10x_rcc.o(i.RCC_RTCCLKConfig), (16 bytes).
    Removing stm32f10x_rcc.o(i.RCC_SYSCLKConfig), (24 bytes).
    Removing stm32f10x_rcc.o(i.RCC_USBCLKConfig), (12 bytes).
    Removing stm32f10x_rcc.o(i.RCC_WaitForHSEStartUp), (56 bytes).
    Removing stm32f10x_rcc.o(.data), (20 bytes).
    Removing system_stm32f10x.o(.rev16_text), (4 bytes).
    Removing system_stm32f10x.o(.revsh_text), (4 bytes).
    Removing system_stm32f10x.o(.rrx_text), (6 bytes).
    Removing system_stm32f10x.o(i.SystemCoreClockUpdate), (164 bytes).
    Removing system_stm32f10x.o(.data), (20 bytes).

114 unused section(s) (total 11716 bytes) removed from the image.

==============================================================================

Image Symbol Table

    Local Symbols

    Symbol Name                              Value     Ov Type        Size  Object(Section)

    ../clib/angel/boardlib.s                 0x00000000   Number         0  boardinit3.o ABSOLUTE
    ../clib/angel/boardlib.s                 0x00000000   Number         0  boardshut.o ABSOLUTE
    ../clib/angel/boardlib.s                 0x00000000   Number         0  boardinit2.o ABSOLUTE
    ../clib/angel/boardlib.s                 0x00000000   Number         0  boardinit1.o ABSOLUTE
    ../clib/angel/handlers.s                 0x00000000   Number         0  __scatter_zi.o ABSOLUTE
    ../clib/angel/handlers.s                 0x00000000   Number         0  __scatter_copy.o ABSOLUTE
    ../clib/angel/kernel.s                   0x00000000   Number         0  __rtentry2.o ABSOLUTE
    ../clib/angel/kernel.s                   0x00000000   Number         0  __rtentry4.o ABSOLUTE
    ../clib/angel/kernel.s                   0x00000000   Number         0  __rtentry.o ABSOLUTE
    ../clib/angel/kernel.s                   0x00000000   Number         0  rtexit.o ABSOLUTE
    ../clib/angel/kernel.s                   0x00000000   Number         0  rtexit2.o ABSOLUTE
    ../clib/angel/rt.s                       0x00000000   Number         0  rt_heap_descriptor.o ABSOLUTE
    ../clib/angel/rt.s                       0x00000000   Number         0  rt_heap_descriptor_intlibspace.o ABSOLUTE
    ../clib/angel/rt.s                       0x00000000   Number         0  rt_locale_intlibspace.o ABSOLUTE
    ../clib/angel/rt.s                       0x00000000   Number         0  rt_locale.o ABSOLUTE
    ../clib/angel/rt.s                       0x00000000   Number         0  rt_raise.o ABSOLUTE
    ../clib/angel/rt.s                       0x00000000   Number         0  rt_ctype_table.o ABSOLUTE
    ../clib/angel/scatter.s                  0x00000000   Number         0  __scatter.o ABSOLUTE
    ../clib/angel/startup.s                  0x00000000   Number         0  __main.o ABSOLUTE
    ../clib/angel/sys.s                      0x00000000   Number         0  libspace.o ABSOLUTE
    ../clib/angel/sys.s                      0x00000000   Number         0  mutex_dummy.o ABSOLUTE
    ../clib/angel/sys.s                      0x00000000   Number         0  use_no_semi.o ABSOLUTE
    ../clib/angel/sys.s                      0x00000000   Number         0  indicate_semi.o ABSOLUTE
    ../clib/angel/sys.s                      0x00000000   Number         0  sys_stackheap_outer.o ABSOLUTE
    ../clib/angel/sysapp.c                   0x00000000   Number         0  sys_command.o ABSOLUTE
    ../clib/angel/sysapp.c                   0x00000000   Number         0  sys_exit.o ABSOLUTE
    ../clib/angel/sysapp.c                   0x00000000   Number         0  sys_wrch.o ABSOLUTE
    ../clib/armsys.c                         0x00000000   Number         0  _get_argv.o ABSOLUTE
    ../clib/armsys.c                         0x00000000   Number         0  argv_veneer.o ABSOLUTE
    ../clib/armsys.c                         0x00000000   Number         0  argv_veneer.o ABSOLUTE
    ../clib/armsys.c                         0x00000000   Number         0  no_argv.o ABSOLUTE
    ../clib/armsys.c                         0x00000000   Number         0  _get_argv_nomalloc.o ABSOLUTE
    ../clib/ctype.c                          0x00000000   Number         0  isspace.o ABSOLUTE
    ../clib/heap1.c                          0x00000000   Number         0  h1_final.o ABSOLUTE
    ../clib/heap1.c                          0x00000000   Number         0  h1_extend_mt.o ABSOLUTE
    ../clib/heap1.c                          0x00000000   Number         0  h1_extend.o ABSOLUTE
    ../clib/heap1.c                          0x00000000   Number         0  h1_alloc.o ABSOLUTE
    ../clib/heap1.c                          0x00000000   Number         0  h1_alloc_mt.o ABSOLUTE
    ../clib/heap1.c                          0x00000000   Number         0  h1_free_mt.o ABSOLUTE
    ../clib/heap1.c                          0x00000000   Number         0  h1_init_mt.o ABSOLUTE
    ../clib/heap1.c                          0x00000000   Number         0  h1_init.o ABSOLUTE
    ../clib/heap1.c                          0x00000000   Number         0  h1_free.o ABSOLUTE
    ../clib/heap1.c                          0x00000000   Number         0  h1_final_mt.o ABSOLUTE
    ../clib/heap2.c                          0x00000000   Number         0  fdtree.o ABSOLUTE
    ../clib/heap2.c                          0x00000000   Number         0  heap2.o ABSOLUTE
    ../clib/heap2.c                          0x00000000   Number         0  heap2mt.o ABSOLUTE
    ../clib/heapalloc.c                      0x00000000   Number         0  heapstubs.o ABSOLUTE
    ../clib/heapalloc.c                      0x00000000   Number         0  hguard.o ABSOLUTE
    ../clib/heapalloc.c                      0x00000000   Number         0  free.o ABSOLUTE
    ../clib/heapalloc.c                      0x00000000   Number         0  init_alloc.o ABSOLUTE
    ../clib/heapalloc.c                      0x00000000   Number         0  maybetermalloc1.o ABSOLUTE
    ../clib/heapalloc.c                      0x00000000   Number         0  malloc.o ABSOLUTE
    ../clib/heapalloc.c                      0x00000000   Number         0  hrguard.o ABSOLUTE
    ../clib/heapalloc.c                      0x00000000   Number         0  maybetermalloc1.o ABSOLUTE
    ../clib/heapalloc.c                      0x00000000   Number         0  term_alloc.o ABSOLUTE
    ../clib/heapalloc.c                      0x00000000   Number         0  maybetermalloc2.o ABSOLUTE
    ../clib/heapalloc.c                      0x00000000   Number         0  maybetermalloc2.o ABSOLUTE
    ../clib/heapaux.c                        0x00000000   Number         0  heapauxa.o ABSOLUTE
    ../clib/heapaux.c                        0x00000000   Number         0  heapauxi.o ABSOLUTE
    ../clib/libinit.s                        0x00000000   Number         0  libshutdown.o ABSOLUTE
    ../clib/libinit.s                        0x00000000   Number         0  libinit.o ABSOLUTE
    ../clib/libinit.s                        0x00000000   Number         0  libinit2.o ABSOLUTE
    ../clib/libinit.s                        0x00000000   Number         0  libshutdown2.o ABSOLUTE
    ../clib/locale.s                         0x00000000   Number         0  lc_ctype_c.o ABSOLUTE
    ../clib/memcpset.s                       0x00000000   Number         0  strcmpv7m.o ABSOLUTE
    ../clib/memcpset.s                       0x00000000   Number         0  rt_memcpy_w.o ABSOLUTE
    ../clib/misc.s                           0x00000000   Number         0  printf_stubs.o ABSOLUTE
    ../clib/printf.c                         0x00000000   Number         0  _printf_char.o ABSOLUTE
    ../clib/printf.c                         0x00000000   Number         0  _sputc.o ABSOLUTE
    ../clib/printf.c                         0x00000000   Number         0  _printf_char_common.o ABSOLUTE
    ../clib/printf.c                         0x00000000   Number         0  _printf_intcommon.o ABSOLUTE
    ../clib/printf.c                         0x00000000   Number         0  __printf_nopercent.o ABSOLUTE
    ../clib/printf.c                         0x00000000   Number         0  __2sprintf.o ABSOLUTE
    ../clib/printf.c                         0x00000000   Number         0  noretval__2sprintf.o ABSOLUTE
    ../clib/printf.c                         0x00000000   Number         0  __printf.o ABSOLUTE
    ../clib/printf.c                         0x00000000   Number         0  _printf_pad.o ABSOLUTE
    ../clib/printf.c                         0x00000000   Number         0  _printf_str.o ABSOLUTE
    ../clib/printf.c                         0x00000000   Number         0  _printf_dec.o ABSOLUTE
    ../clib/printf.c                         0x00000000   Number         0  __printf_flags.o ABSOLUTE
    ../clib/printf.c                         0x00000000   Number         0  __printf_ss.o ABSOLUTE
    ../clib/printf.c                         0x00000000   Number         0  __printf_flags_ss.o ABSOLUTE
    ../clib/printf.c                         0x00000000   Number         0  __printf_wp.o ABSOLUTE
    ../clib/printf.c                         0x00000000   Number         0  __printf_flags_wp.o ABSOLUTE
    ../clib/printf.c                         0x00000000   Number         0  __printf_ss_wp.o ABSOLUTE
    ../clib/printf.c                         0x00000000   Number         0  __printf_flags_ss_wp.o ABSOLUTE
    ../clib/printf_percent.s                 0x00000000   Number         0  _printf_percent_end.o ABSOLUTE
    ../clib/printf_percent.s                 0x00000000   Number         0  _printf_d.o ABSOLUTE
    ../clib/printf_percent.s                 0x00000000   Number         0  _printf_s.o ABSOLUTE
    ../clib/printf_percent.s                 0x00000000   Number         0  _printf_percent.o ABSOLUTE
    ../clib/scanf.c                          0x00000000   Number         0  _scanf_int.o ABSOLUTE
    ../clib/scanf.c                          0x00000000   Number         0  __0sscanf.o ABSOLUTE
    ../clib/scanf.c                          0x00000000   Number         0  _chval.o ABSOLUTE
    ../clib/scanf.c                          0x00000000   Number         0  scanf_char.o ABSOLUTE
    ../clib/scanf.c                          0x00000000   Number         0  _sgetc.o ABSOLUTE
    ../clib/scanf.c                          0x00000000   Number         0  _scanf.o ABSOLUTE
    ../clib/signal.c                         0x00000000   Number         0  defsig_exit.o ABSOLUTE
    ../clib/signal.c                         0x00000000   Number         0  defsig_other.o ABSOLUTE
    ../clib/signal.c                         0x00000000   Number         0  defsig_segv_inner.o ABSOLUTE
    ../clib/signal.c                         0x00000000   Number         0  defsig_cppl_inner.o ABSOLUTE
    ../clib/signal.c                         0x00000000   Number         0  defsig_pvfn_inner.o ABSOLUTE
    ../clib/signal.c                         0x00000000   Number         0  defsig_stak_inner.o ABSOLUTE
    ../clib/signal.c                         0x00000000   Number         0  defsig_rtred_inner.o ABSOLUTE
    ../clib/signal.c                         0x00000000   Number         0  defsig_abrt_inner.o ABSOLUTE
    ../clib/signal.c                         0x00000000   Number         0  defsig_rtmem_inner.o ABSOLUTE
    ../clib/signal.c                         0x00000000   Number         0  defsig_general.o ABSOLUTE
    ../clib/signal.c                         0x00000000   Number         0  __raise.o ABSOLUTE
    ../clib/signal.c                         0x00000000   Number         0  defsig_rtmem_formal.o ABSOLUTE
    ../clib/signal.c                         0x00000000   Number         0  defsig_rtmem_outer.o ABSOLUTE
    ../clib/signal.c                         0x00000000   Number         0  defsig_fpe_inner.o ABSOLUTE
    ../clib/signal.s                         0x00000000   Number         0  defsig.o ABSOLUTE
    ../clib/stdlib.c                         0x00000000   Number         0  exit.o ABSOLUTE
    ../clib/string.c                         0x00000000   Number         0  strlen.o ABSOLUTE
    ../fplib/fpinit.s                        0x00000000   Number         0  fpinit.o ABSOLUTE
    C:/Keil_v5/ARM/PACK/Keil/STM32F1xx_DFP/2.4.1/Device/StdPeriph_Driver/src/misc.c 0x00000000   Number         0  misc.o ABSOLUTE
    C:/Keil_v5/ARM/PACK/Keil/STM32F1xx_DFP/2.4.1/Device/StdPeriph_Driver/src/stm32f10x_exti.c 0x00000000   Number         0  stm32f10x_exti.o ABSOLUTE
    C:/Keil_v5/ARM/PACK/Keil/STM32F1xx_DFP/2.4.1/Device/StdPeriph_Driver/src/stm32f10x_gpio.c 0x00000000   Number         0  stm32f10x_gpio.o ABSOLUTE
    C:/Keil_v5/ARM/PACK/Keil/STM32F1xx_DFP/2.4.1/Device/StdPeriph_Driver/src/stm32f10x_rcc.c 0x00000000   Number         0  stm32f10x_rcc.o ABSOLUTE
    C:\Keil_v5\ARM\PACK\Keil\STM32F1xx_DFP\2.4.1\Device\StdPeriph_Driver\src\misc.c 0x00000000   Number         0  misc.o ABSOLUTE
    C:\Keil_v5\ARM\PACK\Keil\STM32F1xx_DFP\2.4.1\Device\StdPeriph_Driver\src\stm32f10x_exti.c 0x00000000   Number         0  stm32f10x_exti.o ABSOLUTE
    C:\Keil_v5\ARM\PACK\Keil\STM32F1xx_DFP\2.4.1\Device\StdPeriph_Driver\src\stm32f10x_gpio.c 0x00000000   Number         0  stm32f10x_gpio.o ABSOLUTE
    C:\Keil_v5\ARM\PACK\Keil\STM32F1xx_DFP\2.4.1\Device\StdPeriph_Driver\src\stm32f10x_rcc.c 0x00000000   Number         0  stm32f10x_rcc.o ABSOLUTE
    RTE/Device/STM32F103RC/startup_stm32f10x_hd.s 0x00000000   Number         0  startup_stm32f10x_hd.o ABSOLUTE
    RTE/Device/STM32F103RC/system_stm32f10x.c 0x00000000   Number         0  system_stm32f10x.o ABSOLUTE
    RTE\Device\STM32F103RC\system_stm32f10x.c 0x00000000   Number         0  system_stm32f10x.o ABSOLUTE
    dc.s                                     0x00000000   Number         0  dc.o ABSOLUTE
    sources\\appcfg.c                        0x00000000   Number         0  appcfg.o ABSOLUTE
    sources\\main.c                          0x00000000   Number         0  main.o ABSOLUTE
    sources\\muc_EXIT.c                      0x00000000   Number         0  muc_exit.o ABSOLUTE
    sources\\muc_LED.c                       0x00000000   Number         0  muc_led.o ABSOLUTE
    sources\\muc_RS232.c                     0x00000000   Number         0  muc_rs232.o ABSOLUTE
    sources\\muc_lcd93xx.c                   0x00000000   Number         0  muc_lcd93xx.o ABSOLUTE
    sources\\rtc.c                           0x00000000   Number         0  rtc.o ABSOLUTE
    sources\appcfg.c                         0x00000000   Number         0  appcfg.o ABSOLUTE
    sources\bmp.c                            0x00000000   Number         0  bmp.o ABSOLUTE
    sources\main.c                           0x00000000   Number         0  main.o ABSOLUTE
    sources\muc_EXIT.c                       0x00000000   Number         0  muc_exit.o ABSOLUTE
    sources\muc_LED.c                        0x00000000   Number         0  muc_led.o ABSOLUTE
    sources\muc_RS232.c                      0x00000000   Number         0  muc_rs232.o ABSOLUTE
    sources\muc_lcd93xx.c                    0x00000000   Number         0  muc_lcd93xx.o ABSOLUTE
    sources\queue.c                          0x00000000   Number         0  queue.o ABSOLUTE
    sources\rtc.c                            0x00000000   Number         0  rtc.o ABSOLUTE
    RESET                                    0x08000000   Section      304  startup_stm32f10x_hd.o(RESET)
    !!!main                                  0x08000130   Section        8  __main.o(!!!main)
    !!!scatter                               0x08000138   Section       52  __scatter.o(!!!scatter)
    !!handler_copy                           0x0800016c   Section       26  __scatter_copy.o(!!handler_copy)
    !!handler_zi                             0x08000188   Section       28  __scatter_zi.o(!!handler_zi)
    .ARM.Collect$$_printf_percent$$00000000  0x080001a4   Section        0  _printf_percent.o(.ARM.Collect$$_printf_percent$$00000000)
    .ARM.Collect$$_printf_percent$$00000009  0x080001a4   Section        6  _printf_d.o(.ARM.Collect$$_printf_percent$$00000009)
    .ARM.Collect$$_printf_percent$$00000014  0x080001aa   Section        6  _printf_s.o(.ARM.Collect$$_printf_percent$$00000014)
    .ARM.Collect$$_printf_percent$$00000017  0x080001b0   Section        4  _printf_percent_end.o(.ARM.Collect$$_printf_percent$$00000017)
    .ARM.Collect$$libinit$$00000000          0x080001b4   Section        2  libinit.o(.ARM.Collect$$libinit$$00000000)
    .ARM.Collect$$libinit$$00000002          0x080001b6   Section        0  libinit2.o(.ARM.Collect$$libinit$$00000002)
    .ARM.Collect$$libinit$$00000004          0x080001b6   Section        0  libinit2.o(.ARM.Collect$$libinit$$00000004)
    .ARM.Collect$$libinit$$00000005          0x080001b6   Section        8  libinit2.o(.ARM.Collect$$libinit$$00000005)
    .ARM.Collect$$libinit$$0000000A          0x080001be   Section        0  libinit2.o(.ARM.Collect$$libinit$$0000000A)
    .ARM.Collect$$libinit$$0000000C          0x080001be   Section        0  libinit2.o(.ARM.Collect$$libinit$$0000000C)
    .ARM.Collect$$libinit$$0000000E          0x080001be   Section        0  libinit2.o(.ARM.Collect$$libinit$$0000000E)
    .ARM.Collect$$libinit$$0000000F          0x080001be   Section        6  libinit2.o(.ARM.Collect$$libinit$$0000000F)
    .ARM.Collect$$libinit$$00000011          0x080001c4   Section        0  libinit2.o(.ARM.Collect$$libinit$$00000011)
    .ARM.Collect$$libinit$$00000012          0x080001c4   Section       12  libinit2.o(.ARM.Collect$$libinit$$00000012)
    .ARM.Collect$$libinit$$00000013          0x080001d0   Section        0  libinit2.o(.ARM.Collect$$libinit$$00000013)
    .ARM.Collect$$libinit$$00000015          0x080001d0   Section        0  libinit2.o(.ARM.Collect$$libinit$$00000015)
    .ARM.Collect$$libinit$$00000017          0x080001d0   Section        0  libinit2.o(.ARM.Collect$$libinit$$00000017)
    .ARM.Collect$$libinit$$00000019          0x080001d0   Section        0  libinit2.o(.ARM.Collect$$libinit$$00000019)
    .ARM.Collect$$libinit$$0000001B          0x080001d0   Section        0  libinit2.o(.ARM.Collect$$libinit$$0000001B)
    .ARM.Collect$$libinit$$0000001D          0x080001d0   Section        0  libinit2.o(.ARM.Collect$$libinit$$0000001D)
    .ARM.Collect$$libinit$$0000001F          0x080001d0   Section        0  libinit2.o(.ARM.Collect$$libinit$$0000001F)
    .ARM.Collect$$libinit$$00000021          0x080001d0   Section        0  libinit2.o(.ARM.Collect$$libinit$$00000021)
    .ARM.Collect$$libinit$$00000023          0x080001d0   Section        0  libinit2.o(.ARM.Collect$$libinit$$00000023)
    .ARM.Collect$$libinit$$00000025          0x080001d0   Section        0  libinit2.o(.ARM.Collect$$libinit$$00000025)
    .ARM.Collect$$libinit$$0000002C          0x080001d0   Section        0  libinit2.o(.ARM.Collect$$libinit$$0000002C)
    .ARM.Collect$$libinit$$0000002E          0x080001d0   Section        0  libinit2.o(.ARM.Collect$$libinit$$0000002E)
    .ARM.Collect$$libinit$$00000030          0x080001d0   Section        0  libinit2.o(.ARM.Collect$$libinit$$00000030)
    .ARM.Collect$$libinit$$00000032          0x080001d0   Section        0  libinit2.o(.ARM.Collect$$libinit$$00000032)
    .ARM.Collect$$libinit$$00000033          0x080001d0   Section        2  libinit2.o(.ARM.Collect$$libinit$$00000033)
    .ARM.Collect$$libshutdown$$00000000      0x080001d2   Section        2  libshutdown.o(.ARM.Collect$$libshutdown$$00000000)
    .ARM.Collect$$libshutdown$$00000002      0x080001d4   Section        0  libshutdown2.o(.ARM.Collect$$libshutdown$$00000002)
    .ARM.Collect$$libshutdown$$00000004      0x080001d4   Section        0  libshutdown2.o(.ARM.Collect$$libshutdown$$00000004)
    .ARM.Collect$$libshutdown$$00000006      0x080001d4   Section        0  libshutdown2.o(.ARM.Collect$$libshutdown$$00000006)
    .ARM.Collect$$libshutdown$$00000009      0x080001d4   Section        0  libshutdown2.o(.ARM.Collect$$libshutdown$$00000009)
    .ARM.Collect$$libshutdown$$0000000C      0x080001d4   Section        0  libshutdown2.o(.ARM.Collect$$libshutdown$$0000000C)
    .ARM.Collect$$libshutdown$$0000000E      0x080001d4   Section        0  libshutdown2.o(.ARM.Collect$$libshutdown$$0000000E)
    .ARM.Collect$$libshutdown$$00000011      0x080001d4   Section        0  libshutdown2.o(.ARM.Collect$$libshutdown$$00000011)
    .ARM.Collect$$libshutdown$$00000012      0x080001d4   Section        2  libshutdown2.o(.ARM.Collect$$libshutdown$$00000012)
    .ARM.Collect$$rtentry$$00000000          0x080001d6   Section        0  __rtentry.o(.ARM.Collect$$rtentry$$00000000)
    .ARM.Collect$$rtentry$$00000002          0x080001d6   Section        0  __rtentry2.o(.ARM.Collect$$rtentry$$00000002)
    .ARM.Collect$$rtentry$$00000004          0x080001d6   Section        6  __rtentry4.o(.ARM.Collect$$rtentry$$00000004)
    .ARM.Collect$$rtentry$$00000009          0x080001dc   Section        0  __rtentry2.o(.ARM.Collect$$rtentry$$00000009)
    .ARM.Collect$$rtentry$$0000000A          0x080001dc   Section        4  __rtentry2.o(.ARM.Collect$$rtentry$$0000000A)
    .ARM.Collect$$rtentry$$0000000C          0x080001e0   Section        0  __rtentry2.o(.ARM.Collect$$rtentry$$0000000C)
    .ARM.Collect$$rtentry$$0000000D          0x080001e0   Section        8  __rtentry2.o(.ARM.Collect$$rtentry$$0000000D)
    .ARM.Collect$$rtexit$$00000000           0x080001e8   Section        2  rtexit.o(.ARM.Collect$$rtexit$$00000000)
    .ARM.Collect$$rtexit$$00000002           0x080001ea   Section        0  rtexit2.o(.ARM.Collect$$rtexit$$00000002)
    .ARM.Collect$$rtexit$$00000003           0x080001ea   Section        4  rtexit2.o(.ARM.Collect$$rtexit$$00000003)
    .ARM.Collect$$rtexit$$00000004           0x080001ee   Section        6  rtexit2.o(.ARM.Collect$$rtexit$$00000004)
    .emb_text                                0x080001f4   Section        0  maybetermalloc1.o(.emb_text)
    .text                                    0x080001f4   Section       64  startup_stm32f10x_hd.o(.text)
    .text                                    0x08000234   Section        0  h1_alloc.o(.text)
    .text                                    0x08000294   Section        0  noretval__2sprintf.o(.text)
    .text                                    0x080002bc   Section        0  _printf_pad.o(.text)
    .text                                    0x0800030a   Section        0  _printf_str.o(.text)
    .text                                    0x0800035c   Section        0  _printf_dec.o(.text)
    .text                                    0x080003d4   Section        0  __printf_flags_wp.o(.text)
    .text                                    0x0800050c   Section        0  __0sscanf.o(.text)
    .text                                    0x08000548   Section        0  _scanf_int.o(.text)
    .text                                    0x08000694   Section        0  strlen.o(.text)
    .text                                    0x080006d2   Section        0  heapauxi.o(.text)
    .text                                    0x080006d8   Section        8  rt_heap_descriptor_intlibspace.o(.text)
    .text                                    0x080006e0   Section        0  hguard.o(.text)
    .text                                    0x080006e4   Section        0  init_alloc.o(.text)
    .text                                    0x0800076e   Section        0  h1_init.o(.text)
    .text                                    0x0800077c   Section        0  h1_free.o(.text)
    .text                                    0x080007ca   Section        0  _printf_intcommon.o(.text)
    .text                                    0x0800087c   Section        0  _printf_char_common.o(.text)
    _printf_input_char                       0x0800087d   Thumb Code    10  _printf_char_common.o(.text)
    .text                                    0x080008ac   Section        0  _sputc.o(.text)
    .text                                    0x080008b6   Section        0  _printf_char.o(.text)
    .text                                    0x080008e2   Section        0  _chval.o(.text)
    .text                                    0x08000900   Section        0  scanf_char.o(.text)
    _scanf_char_input                        0x08000901   Thumb Code    12  scanf_char.o(.text)
    .text                                    0x0800092c   Section        0  _sgetc.o(.text)
    .text                                    0x0800096c   Section        8  libspace.o(.text)
    .text                                    0x08000974   Section        0  h1_extend.o(.text)
    .text                                    0x080009a8   Section        0  isspace.o(.text)
    .text                                    0x080009bc   Section        0  _scanf.o(.text)
    .text                                    0x08000d30   Section        0  defsig_rtmem_outer.o(.text)
    .text                                    0x08000d3e   Section        2  use_no_semi.o(.text)
    .text                                    0x08000d40   Section       74  sys_stackheap_outer.o(.text)
    .text                                    0x08000d40   Section        0  indicate_semi.o(.text)
    .text                                    0x08000d8c   Section       16  rt_ctype_table.o(.text)
    .text                                    0x08000d9c   Section        0  exit.o(.text)
    .text                                    0x08000dae   Section        0  defsig_exit.o(.text)
    .text                                    0x08000db8   Section        0  defsig_rtmem_inner.o(.text)
    .text                                    0x08000e08   Section        0  sys_exit.o(.text)
    .text                                    0x08000e14   Section        8  rt_locale_intlibspace.o(.text)
    .text                                    0x08000e1c   Section        0  defsig_general.o(.text)
    .text                                    0x08000e4e   Section        0  sys_wrch.o(.text)
    .text                                    0x08000e5c   Section      128  strcmpv7m.o(.text)
    i.Delay                                  0x08000edc   Section        0  appcfg.o(i.Delay)
    i.Delay_ms                               0x08000ef4   Section        0  appcfg.o(i.Delay_ms)
    i.EXTI0_IRQHandler                       0x08000f0c   Section        0  muc_exit.o(i.EXTI0_IRQHandler)
    i.EXTI15_10_IRQHandler                   0x08000f24   Section        0  muc_exit.o(i.EXTI15_10_IRQHandler)
    i.EXTI9_5_IRQHandler                     0x08000f70   Section        0  muc_exit.o(i.EXTI9_5_IRQHandler)
    i.EXTI_ClearITPendingBit                 0x08000fc0   Section        0  stm32f10x_exti.o(i.EXTI_ClearITPendingBit)
    i.EXTI_GetITStatus                       0x08000fcc   Section        0  stm32f10x_exti.o(i.EXTI_GetITStatus)
    i.EXTI_Init                              0x08000ff4   Section        0  stm32f10x_exti.o(i.EXTI_Init)
    i.GPIO_EXTILineConfig                    0x08001088   Section        0  stm32f10x_gpio.o(i.GPIO_EXTILineConfig)
    i.GPIO_ReadInputDataBit                  0x080010c8   Section        0  stm32f10x_gpio.o(i.GPIO_ReadInputDataBit)
    i.LCD_Clear                              0x080010dc   Section        0  muc_lcd93xx.o(i.LCD_Clear)
    i.LCD_Display_Dir                        0x08001164   Section        0  muc_lcd93xx.o(i.LCD_Display_Dir)
    i.LCD_Fast_DrawPoint                     0x0800130c   Section        0  muc_lcd93xx.o(i.LCD_Fast_DrawPoint)
    i.LCD_RD_DATA                            0x08001568   Section        0  muc_lcd93xx.o(i.LCD_RD_DATA)
    i.LCD_ReadReg                            0x080015d8   Section        0  muc_lcd93xx.o(i.LCD_ReadReg)
    i.LCD_Scan_Dir                           0x080015e8   Section        0  muc_lcd93xx.o(i.LCD_Scan_Dir)
    i.LCD_SetCursor                          0x08001a20   Section        0  muc_lcd93xx.o(i.LCD_SetCursor)
    i.LCD_ShowChar                           0x08001c44   Section        0  muc_lcd93xx.o(i.LCD_ShowChar)
    i.LCD_ShowString                         0x08001d6c   Section        0  muc_lcd93xx.o(i.LCD_ShowString)
    i.LCD_WR_DATAX                           0x08001dd4   Section        0  muc_lcd93xx.o(i.LCD_WR_DATAX)
    i.LCD_WR_REG                             0x08001df8   Section        0  muc_lcd93xx.o(i.LCD_WR_REG)
    i.LCD_WriteRAM_Prepare                   0x08001e1c   Section        0  muc_lcd93xx.o(i.LCD_WriteRAM_Prepare)
    i.LCD_WriteReg                           0x08001e2c   Section        0  muc_lcd93xx.o(i.LCD_WriteReg)
    i.LED_Initialize                         0x08001e5c   Section        0  muc_led.o(i.LED_Initialize)
    i.LED_Off                                0x08001ea4   Section        0  muc_led.o(i.LED_Off)
    i.LED_On                                 0x08001ec8   Section        0  muc_led.o(i.LED_On)
    i.NVIC_Init                              0x08001ef0   Section        0  misc.o(i.NVIC_Init)
    i.NVIC_PriorityGroupConfig               0x08001f60   Section        0  misc.o(i.NVIC_PriorityGroupConfig)
    i.RS232_Init                             0x08001f74   Section        0  muc_rs232.o(i.RS232_Init)
    i.RTC_IRQHandler                         0x08002000   Section        0  rtc.o(i.RTC_IRQHandler)
    i.SetSysClock                            0x0800205c   Section        0  system_stm32f10x.o(i.SetSysClock)
    SetSysClock                              0x0800205d   Thumb Code     8  system_stm32f10x.o(i.SetSysClock)
    i.SetSysClockTo72                        0x08002064   Section        0  system_stm32f10x.o(i.SetSysClockTo72)
    SetSysClockTo72                          0x08002065   Thumb Code   214  system_stm32f10x.o(i.SetSysClockTo72)
    i.SysTick_Handler                        0x08002144   Section        0  appcfg.o(i.SysTick_Handler)
    i.SystemInit                             0x08002154   Section        0  system_stm32f10x.o(i.SystemInit)
    i.USART1_IRQHandler                      0x080021b4   Section        0  muc_rs232.o(i.USART1_IRQHandler)
    i._is_digit                              0x080021dc   Section        0  __printf_wp.o(i._is_digit)
    i.display_mode0                          0x080021ec   Section        0  main.o(i.display_mode0)
    i.display_mode1                          0x08002394   Section        0  main.o(i.display_mode1)
    i.display_mode2                          0x08002544   Section        0  main.o(i.display_mode2)
    i.display_mode3                          0x08002754   Section        0  main.o(i.display_mode3)
    i.lcd_Init                               0x08002854   Section        0  muc_lcd93xx.o(i.lcd_Init)
    i.main                                   0x08002c78   Section        0  main.o(i.main)
    i.muc_EXIT_Init                          0x08002d68   Section        0  muc_exit.o(i.muc_EXIT_Init)
    i.parse_time_string                      0x08002e8c   Section        0  main.o(i.parse_time_string)
    i.queue_dequeue                          0x08002f24   Section        0  queue.o(i.queue_dequeue)
    i.queue_enqueue                          0x08002f54   Section        0  queue.o(i.queue_enqueue)
    i.queue_init                             0x08002f82   Section        0  queue.o(i.queue_init)
    i.queue_is_empty                         0x08002fa4   Section        0  queue.o(i.queue_is_empty)
    i.queue_is_full                          0x08002fb6   Section        0  queue.o(i.queue_is_full)
    i.rtc_date2sec                           0x08002fd4   Section        0  rtc.o(i.rtc_date2sec)
    rtc_date2sec                             0x08002fd5   Thumb Code   166  rtc.o(i.rtc_date2sec)
    i.rtc_get_time                           0x08003080   Section        0  rtc.o(i.rtc_get_time)
    i.rtc_get_week                           0x0800319c   Section        0  rtc.o(i.rtc_get_week)
    i.rtc_init                               0x080031ec   Section        0  rtc.o(i.rtc_init)
    i.rtc_is_leap_year                       0x080033f8   Section        0  rtc.o(i.rtc_is_leap_year)
    rtc_is_leap_year                         0x080033f9   Thumb Code    50  rtc.o(i.rtc_is_leap_year)
    i.rtc_read_bkr                           0x0800342c   Section        0  rtc.o(i.rtc_read_bkr)
    i.rtc_set_alarm                          0x08003440   Section        0  rtc.o(i.rtc_set_alarm)
    i.rtc_set_time                           0x080034cc   Section        0  rtc.o(i.rtc_set_time)
    i.rtc_write_bkr                          0x0800355c   Section        0  rtc.o(i.rtc_write_bkr)
    locale$$code                             0x08003580   Section       44  lc_ctype_c.o(locale$$code)
    .constdata                               0x080035ac   Section     6080  muc_lcd93xx.o(.constdata)
    .constdata                               0x08004d6c   Section       17  __printf_flags_wp.o(.constdata)
    maptable                                 0x08004d6c   Data          17  __printf_flags_wp.o(.constdata)
    .conststring                             0x08004d80   Section       65  main.o(.conststring)
    locale$$data                             0x08004de4   Section      272  lc_ctype_c.o(locale$$data)
    __lcctype_c_name                         0x08004de8   Data           2  lc_ctype_c.o(locale$$data)
    __lcctype_c_start                        0x08004df0   Data           0  lc_ctype_c.o(locale$$data)
    __lcctype_c_end                          0x08004ef4   Data           0  lc_ctype_c.o(locale$$data)
    .data                                    0x20000000   Section       12  appcfg.o(.data)
    .data                                    0x2000000c   Section       34  main.o(.data)
    .data                                    0x2000002e   Section        4  muc_lcd93xx.o(.data)
    .data                                    0x20000032   Section        2  rtc.o(.data)
    daycnt                                   0x20000032   Data           2  rtc.o(.data)
    .bss                                     0x20000034   Section      154  main.o(.bss)
    .bss                                     0x200000ce   Section       14  muc_lcd93xx.o(.bss)
    .bss                                     0x200000dc   Section       10  rtc.o(.bss)
    .bss                                     0x200000e8   Section       96  libspace.o(.bss)
    HEAP                                     0x20000148   Section      512  startup_stm32f10x_hd.o(HEAP)
    Heap_Mem                                 0x20000148   Data         512  startup_stm32f10x_hd.o(HEAP)
    STACK                                    0x20000348   Section     1024  startup_stm32f10x_hd.o(STACK)
    Stack_Mem                                0x20000348   Data        1024  startup_stm32f10x_hd.o(STACK)
    __initial_sp                             0x20000748   Data           0  startup_stm32f10x_hd.o(STACK)

    Global Symbols

    Symbol Name                              Value     Ov Type        Size  Object(Section)

    BuildAttributes$$THM_ISAv4$P$D$K$B$S$PE$A:L22UL41UL21$X:L11$S22US41US21$IEEE1$IW$USESV6$~STKCKD$USESV7$~SHL$OTIME$ROPI$EBA8$UX$STANDARDLIB$REQ8$PRES8$EABIv2 0x00000000   Number         0  anon$$obj.o ABSOLUTE
    __ARM_use_no_argv                        0x00000000   Number         0  main.o ABSOLUTE
    _printf_flags                            0x00000000   Number         0  printf_stubs.o ABSOLUTE
    _printf_return_value                     0x00000000   Number         0  printf_stubs.o ABSOLUTE
    _printf_sizespec                         0x00000000   Number         0  printf_stubs.o ABSOLUTE
    _printf_widthprec                        0x00000000   Number         0  printf_stubs.o ABSOLUTE
    __ARM_exceptions_init                     - Undefined Weak Reference
    __alloca_initialize                       - Undefined Weak Reference
    __arm_fini_                               - Undefined Weak Reference
    __arm_preinit_                            - Undefined Weak Reference
    __cpp_initialize__aeabi_                  - Undefined Weak Reference
    __cxa_finalize                            - Undefined Weak Reference
    __sigvec_lookup                           - Undefined Weak Reference
    __user_heap_extent                        - Undefined Weak Reference
    _atexit_init                              - Undefined Weak Reference
    _call_atexit_fns                          - Undefined Weak Reference
    _clock_init                               - Undefined Weak Reference
    _fp_trap_init                             - Undefined Weak Reference
    _fp_trap_shutdown                         - Undefined Weak Reference
    _get_lc_collate                           - Undefined Weak Reference
    _get_lc_monetary                          - Undefined Weak Reference
    _get_lc_numeric                           - Undefined Weak Reference
    _get_lc_time                              - Undefined Weak Reference
    _getenv_init                              - Undefined Weak Reference
    _handle_redirection                       - Undefined Weak Reference
    _initio                                   - Undefined Weak Reference
    _mutex_acquire                            - Undefined Weak Reference
    _mutex_free                               - Undefined Weak Reference
    _mutex_release                            - Undefined Weak Reference
    _printf_mbtowc                            - Undefined Weak Reference
    _printf_truncate_signed                   - Undefined Weak Reference
    _printf_truncate_unsigned                 - Undefined Weak Reference
    _rand_init                                - Undefined Weak Reference
    _scanf_longlong                           - Undefined Weak Reference
    _scanf_mbtowc                             - Undefined Weak Reference
    _scanf_real                               - Undefined Weak Reference
    _scanf_string                             - Undefined Weak Reference
    _scanf_wctomb                             - Undefined Weak Reference
    _scanf_wstring                            - Undefined Weak Reference
    _signal_finish                            - Undefined Weak Reference
    _signal_init                              - Undefined Weak Reference
    _terminateio                              - Undefined Weak Reference
    __Vectors_Size                           0x00000130   Number         0  startup_stm32f10x_hd.o ABSOLUTE
    __Vectors                                0x08000000   Data           4  startup_stm32f10x_hd.o(RESET)
    __Vectors_End                            0x08000130   Data           0  startup_stm32f10x_hd.o(RESET)
    __main                                   0x08000131   Thumb Code     8  __main.o(!!!main)
    __scatterload                            0x08000139   Thumb Code     0  __scatter.o(!!!scatter)
    __scatterload_rt2                        0x08000139   Thumb Code    44  __scatter.o(!!!scatter)
    __scatterload_rt2_thumb_only             0x08000139   Thumb Code     0  __scatter.o(!!!scatter)
    __scatterload_null                       0x08000147   Thumb Code     0  __scatter.o(!!!scatter)
    __scatterload_copy                       0x0800016d   Thumb Code    26  __scatter_copy.o(!!handler_copy)
    __scatterload_zeroinit                   0x08000189   Thumb Code    28  __scatter_zi.o(!!handler_zi)
    _printf_d                                0x080001a5   Thumb Code     0  _printf_d.o(.ARM.Collect$$_printf_percent$$00000009)
    _printf_percent                          0x080001a5   Thumb Code     0  _printf_percent.o(.ARM.Collect$$_printf_percent$$00000000)
    _printf_s                                0x080001ab   Thumb Code     0  _printf_s.o(.ARM.Collect$$_printf_percent$$00000014)
    _printf_percent_end                      0x080001b1   Thumb Code     0  _printf_percent_end.o(.ARM.Collect$$_printf_percent$$00000017)
    __rt_lib_init                            0x080001b5   Thumb Code     0  libinit.o(.ARM.Collect$$libinit$$00000000)
    __rt_lib_init_fp_1                       0x080001b7   Thumb Code     0  libinit2.o(.ARM.Collect$$libinit$$00000002)
    __rt_lib_init_heap_2                     0x080001b7   Thumb Code     0  libinit2.o(.ARM.Collect$$libinit$$00000005)
    __rt_lib_init_preinit_1                  0x080001b7   Thumb Code     0  libinit2.o(.ARM.Collect$$libinit$$00000004)
    __rt_lib_init_heap_1                     0x080001bf   Thumb Code     0  libinit2.o(.ARM.Collect$$libinit$$0000000A)
    __rt_lib_init_lc_common                  0x080001bf   Thumb Code     0  libinit2.o(.ARM.Collect$$libinit$$0000000F)
    __rt_lib_init_rand_1                     0x080001bf   Thumb Code     0  libinit2.o(.ARM.Collect$$libinit$$0000000E)
    __rt_lib_init_user_alloc_1               0x080001bf   Thumb Code     0  libinit2.o(.ARM.Collect$$libinit$$0000000C)
    __rt_lib_init_lc_collate_1               0x080001c5   Thumb Code     0  libinit2.o(.ARM.Collect$$libinit$$00000011)
    __rt_lib_init_lc_ctype_2                 0x080001c5   Thumb Code     0  libinit2.o(.ARM.Collect$$libinit$$00000012)
    __rt_lib_init_alloca_1                   0x080001d1   Thumb Code     0  libinit2.o(.ARM.Collect$$libinit$$0000002E)
    __rt_lib_init_argv_1                     0x080001d1   Thumb Code     0  libinit2.o(.ARM.Collect$$libinit$$0000002C)
    __rt_lib_init_atexit_1                   0x080001d1   Thumb Code     0  libinit2.o(.ARM.Collect$$libinit$$0000001B)
    __rt_lib_init_clock_1                    0x080001d1   Thumb Code     0  libinit2.o(.ARM.Collect$$libinit$$00000021)
    __rt_lib_init_cpp_1                      0x080001d1   Thumb Code     0  libinit2.o(.ARM.Collect$$libinit$$00000032)
    __rt_lib_init_exceptions_1               0x080001d1   Thumb Code     0  libinit2.o(.ARM.Collect$$libinit$$00000030)
    __rt_lib_init_fp_trap_1                  0x080001d1   Thumb Code     0  libinit2.o(.ARM.Collect$$libinit$$0000001F)
    __rt_lib_init_getenv_1                   0x080001d1   Thumb Code     0  libinit2.o(.ARM.Collect$$libinit$$00000023)
    __rt_lib_init_lc_ctype_1                 0x080001d1   Thumb Code     0  libinit2.o(.ARM.Collect$$libinit$$00000013)
    __rt_lib_init_lc_monetary_1              0x080001d1   Thumb Code     0  libinit2.o(.ARM.Collect$$libinit$$00000015)
    __rt_lib_init_lc_numeric_1               0x080001d1   Thumb Code     0  libinit2.o(.ARM.Collect$$libinit$$00000017)
    __rt_lib_init_lc_time_1                  0x080001d1   Thumb Code     0  libinit2.o(.ARM.Collect$$libinit$$00000019)
    __rt_lib_init_return                     0x080001d1   Thumb Code     0  libinit2.o(.ARM.Collect$$libinit$$00000033)
    __rt_lib_init_signal_1                   0x080001d1   Thumb Code     0  libinit2.o(.ARM.Collect$$libinit$$0000001D)
    __rt_lib_init_stdio_1                    0x080001d1   Thumb Code     0  libinit2.o(.ARM.Collect$$libinit$$00000025)
    __rt_lib_shutdown                        0x080001d3   Thumb Code     0  libshutdown.o(.ARM.Collect$$libshutdown$$00000000)
    __rt_lib_shutdown_cpp_1                  0x080001d5   Thumb Code     0  libshutdown2.o(.ARM.Collect$$libshutdown$$00000004)
    __rt_lib_shutdown_fini_1                 0x080001d5   Thumb Code     0  libshutdown2.o(.ARM.Collect$$libshutdown$$00000002)
    __rt_lib_shutdown_fp_trap_1              0x080001d5   Thumb Code     0  libshutdown2.o(.ARM.Collect$$libshutdown$$00000009)
    __rt_lib_shutdown_heap_1                 0x080001d5   Thumb Code     0  libshutdown2.o(.ARM.Collect$$libshutdown$$00000011)
    __rt_lib_shutdown_return                 0x080001d5   Thumb Code     0  libshutdown2.o(.ARM.Collect$$libshutdown$$00000012)
    __rt_lib_shutdown_signal_1               0x080001d5   Thumb Code     0  libshutdown2.o(.ARM.Collect$$libshutdown$$0000000C)
    __rt_lib_shutdown_stdio_1                0x080001d5   Thumb Code     0  libshutdown2.o(.ARM.Collect$$libshutdown$$00000006)
    __rt_lib_shutdown_user_alloc_1           0x080001d5   Thumb Code     0  libshutdown2.o(.ARM.Collect$$libshutdown$$0000000E)
    __rt_entry                               0x080001d7   Thumb Code     0  __rtentry.o(.ARM.Collect$$rtentry$$00000000)
    __rt_entry_presh_1                       0x080001d7   Thumb Code     0  __rtentry2.o(.ARM.Collect$$rtentry$$00000002)
    __rt_entry_sh                            0x080001d7   Thumb Code     0  __rtentry4.o(.ARM.Collect$$rtentry$$00000004)
    __rt_entry_li                            0x080001dd   Thumb Code     0  __rtentry2.o(.ARM.Collect$$rtentry$$0000000A)
    __rt_entry_postsh_1                      0x080001dd   Thumb Code     0  __rtentry2.o(.ARM.Collect$$rtentry$$00000009)
    __rt_entry_main                          0x080001e1   Thumb Code     0  __rtentry2.o(.ARM.Collect$$rtentry$$0000000D)
    __rt_entry_postli_1                      0x080001e1   Thumb Code     0  __rtentry2.o(.ARM.Collect$$rtentry$$0000000C)
    __rt_exit                                0x080001e9   Thumb Code     0  rtexit.o(.ARM.Collect$$rtexit$$00000000)
    __rt_exit_ls                             0x080001eb   Thumb Code     0  rtexit2.o(.ARM.Collect$$rtexit$$00000003)
    __rt_exit_prels_1                        0x080001eb   Thumb Code     0  rtexit2.o(.ARM.Collect$$rtexit$$00000002)
    __rt_exit_exit                           0x080001ef   Thumb Code     0  rtexit2.o(.ARM.Collect$$rtexit$$00000004)
    Reset_Handler                            0x080001f5   Thumb Code     8  startup_stm32f10x_hd.o(.text)
    _maybe_terminate_alloc                   0x080001f5   Thumb Code     0  maybetermalloc1.o(.emb_text)
    NMI_Handler                              0x080001fd   Thumb Code     2  startup_stm32f10x_hd.o(.text)
    HardFault_Handler                        0x080001ff   Thumb Code     2  startup_stm32f10x_hd.o(.text)
    MemManage_Handler                        0x08000201   Thumb Code     2  startup_stm32f10x_hd.o(.text)
    BusFault_Handler                         0x08000203   Thumb Code     2  startup_stm32f10x_hd.o(.text)
    UsageFault_Handler                       0x08000205   Thumb Code     2  startup_stm32f10x_hd.o(.text)
    SVC_Handler                              0x08000207   Thumb Code     2  startup_stm32f10x_hd.o(.text)
    DebugMon_Handler                         0x08000209   Thumb Code     2  startup_stm32f10x_hd.o(.text)
    PendSV_Handler                           0x0800020b   Thumb Code     2  startup_stm32f10x_hd.o(.text)
    ADC1_2_IRQHandler                        0x0800020f   Thumb Code     0  startup_stm32f10x_hd.o(.text)
    ADC3_IRQHandler                          0x0800020f   Thumb Code     0  startup_stm32f10x_hd.o(.text)
    CAN1_RX1_IRQHandler                      0x0800020f   Thumb Code     0  startup_stm32f10x_hd.o(.text)
    CAN1_SCE_IRQHandler                      0x0800020f   Thumb Code     0  startup_stm32f10x_hd.o(.text)
    DMA1_Channel1_IRQHandler                 0x0800020f   Thumb Code     0  startup_stm32f10x_hd.o(.text)
    DMA1_Channel2_IRQHandler                 0x0800020f   Thumb Code     0  startup_stm32f10x_hd.o(.text)
    DMA1_Channel3_IRQHandler                 0x0800020f   Thumb Code     0  startup_stm32f10x_hd.o(.text)
    DMA1_Channel4_IRQHandler                 0x0800020f   Thumb Code     0  startup_stm32f10x_hd.o(.text)
    DMA1_Channel5_IRQHandler                 0x0800020f   Thumb Code     0  startup_stm32f10x_hd.o(.text)
    DMA1_Channel6_IRQHandler                 0x0800020f   Thumb Code     0  startup_stm32f10x_hd.o(.text)
    DMA1_Channel7_IRQHandler                 0x0800020f   Thumb Code     0  startup_stm32f10x_hd.o(.text)
    DMA2_Channel1_IRQHandler                 0x0800020f   Thumb Code     0  startup_stm32f10x_hd.o(.text)
    DMA2_Channel2_IRQHandler                 0x0800020f   Thumb Code     0  startup_stm32f10x_hd.o(.text)
    DMA2_Channel3_IRQHandler                 0x0800020f   Thumb Code     0  startup_stm32f10x_hd.o(.text)
    DMA2_Channel4_5_IRQHandler               0x0800020f   Thumb Code     0  startup_stm32f10x_hd.o(.text)
    EXTI1_IRQHandler                         0x0800020f   Thumb Code     0  startup_stm32f10x_hd.o(.text)
    EXTI2_IRQHandler                         0x0800020f   Thumb Code     0  startup_stm32f10x_hd.o(.text)
    EXTI3_IRQHandler                         0x0800020f   Thumb Code     0  startup_stm32f10x_hd.o(.text)
    EXTI4_IRQHandler                         0x0800020f   Thumb Code     0  startup_stm32f10x_hd.o(.text)
    FLASH_IRQHandler                         0x0800020f   Thumb Code     0  startup_stm32f10x_hd.o(.text)
    FSMC_IRQHandler                          0x0800020f   Thumb Code     0  startup_stm32f10x_hd.o(.text)
    I2C1_ER_IRQHandler                       0x0800020f   Thumb Code     0  startup_stm32f10x_hd.o(.text)
    I2C1_EV_IRQHandler                       0x0800020f   Thumb Code     0  startup_stm32f10x_hd.o(.text)
    I2C2_ER_IRQHandler                       0x0800020f   Thumb Code     0  startup_stm32f10x_hd.o(.text)
    I2C2_EV_IRQHandler                       0x0800020f   Thumb Code     0  startup_stm32f10x_hd.o(.text)
    PVD_IRQHandler                           0x0800020f   Thumb Code     0  startup_stm32f10x_hd.o(.text)
    RCC_IRQHandler                           0x0800020f   Thumb Code     0  startup_stm32f10x_hd.o(.text)
    RTCAlarm_IRQHandler                      0x0800020f   Thumb Code     0  startup_stm32f10x_hd.o(.text)
    SDIO_IRQHandler                          0x0800020f   Thumb Code     0  startup_stm32f10x_hd.o(.text)
    SPI1_IRQHandler                          0x0800020f   Thumb Code     0  startup_stm32f10x_hd.o(.text)
    SPI2_IRQHandler                          0x0800020f   Thumb Code     0  startup_stm32f10x_hd.o(.text)
    SPI3_IRQHandler                          0x0800020f   Thumb Code     0  startup_stm32f10x_hd.o(.text)
    TAMPER_IRQHandler                        0x0800020f   Thumb Code     0  startup_stm32f10x_hd.o(.text)
    TIM1_BRK_IRQHandler                      0x0800020f   Thumb Code     0  startup_stm32f10x_hd.o(.text)
    TIM1_CC_IRQHandler                       0x0800020f   Thumb Code     0  startup_stm32f10x_hd.o(.text)
    TIM1_TRG_COM_IRQHandler                  0x0800020f   Thumb Code     0  startup_stm32f10x_hd.o(.text)
    TIM1_UP_IRQHandler                       0x0800020f   Thumb Code     0  startup_stm32f10x_hd.o(.text)
    TIM2_IRQHandler                          0x0800020f   Thumb Code     0  startup_stm32f10x_hd.o(.text)
    TIM3_IRQHandler                          0x0800020f   Thumb Code     0  startup_stm32f10x_hd.o(.text)
    TIM4_IRQHandler                          0x0800020f   Thumb Code     0  startup_stm32f10x_hd.o(.text)
    TIM5_IRQHandler                          0x0800020f   Thumb Code     0  startup_stm32f10x_hd.o(.text)
    TIM6_IRQHandler                          0x0800020f   Thumb Code     0  startup_stm32f10x_hd.o(.text)
    TIM7_IRQHandler                          0x0800020f   Thumb Code     0  startup_stm32f10x_hd.o(.text)
    TIM8_BRK_IRQHandler                      0x0800020f   Thumb Code     0  startup_stm32f10x_hd.o(.text)
    TIM8_CC_IRQHandler                       0x0800020f   Thumb Code     0  startup_stm32f10x_hd.o(.text)
    TIM8_TRG_COM_IRQHandler                  0x0800020f   Thumb Code     0  startup_stm32f10x_hd.o(.text)
    TIM8_UP_IRQHandler                       0x0800020f   Thumb Code     0  startup_stm32f10x_hd.o(.text)
    UART4_IRQHandler                         0x0800020f   Thumb Code     0  startup_stm32f10x_hd.o(.text)
    UART5_IRQHandler                         0x0800020f   Thumb Code     0  startup_stm32f10x_hd.o(.text)
    USART2_IRQHandler                        0x0800020f   Thumb Code     0  startup_stm32f10x_hd.o(.text)
    USART3_IRQHandler                        0x0800020f   Thumb Code     0  startup_stm32f10x_hd.o(.text)
    USBWakeUp_IRQHandler                     0x0800020f   Thumb Code     0  startup_stm32f10x_hd.o(.text)
    USB_HP_CAN1_TX_IRQHandler                0x0800020f   Thumb Code     0  startup_stm32f10x_hd.o(.text)
    USB_LP_CAN1_RX0_IRQHandler               0x0800020f   Thumb Code     0  startup_stm32f10x_hd.o(.text)
    WWDG_IRQHandler                          0x0800020f   Thumb Code     0  startup_stm32f10x_hd.o(.text)
    __user_initial_stackheap                 0x08000211   Thumb Code     0  startup_stm32f10x_hd.o(.text)
    malloc                                   0x08000235   Thumb Code    94  h1_alloc.o(.text)
    __2sprintf                               0x08000295   Thumb Code    34  noretval__2sprintf.o(.text)
    _printf_pre_padding                      0x080002bd   Thumb Code    44  _printf_pad.o(.text)
    _printf_post_padding                     0x080002e9   Thumb Code    34  _printf_pad.o(.text)
    _printf_str                              0x0800030b   Thumb Code    82  _printf_str.o(.text)
    _printf_int_dec                          0x0800035d   Thumb Code   104  _printf_dec.o(.text)
    __printf                                 0x080003d5   Thumb Code   308  __printf_flags_wp.o(.text)
    __0sscanf                                0x0800050d   Thumb Code    52  __0sscanf.o(.text)
    _scanf_int                               0x08000549   Thumb Code   332  _scanf_int.o(.text)
    strlen                                   0x08000695   Thumb Code    62  strlen.o(.text)
    __use_two_region_memory                  0x080006d3   Thumb Code     2  heapauxi.o(.text)
    __rt_heap_escrow                         0x080006d5   Thumb Code     2  heapauxi.o(.text)
    __rt_heap_expand                         0x080006d7   Thumb Code     2  heapauxi.o(.text)
    __rt_heap_descriptor                     0x080006d9   Thumb Code     8  rt_heap_descriptor_intlibspace.o(.text)
    __use_no_heap                            0x080006e1   Thumb Code     2  hguard.o(.text)
    __heap$guard                             0x080006e3   Thumb Code     2  hguard.o(.text)
    _terminate_user_alloc                    0x080006e5   Thumb Code     2  init_alloc.o(.text)
    _init_user_alloc                         0x080006e7   Thumb Code     2  init_alloc.o(.text)
    __Heap_Full                              0x080006e9   Thumb Code    34  init_alloc.o(.text)
    __Heap_Broken                            0x0800070b   Thumb Code     6  init_alloc.o(.text)
    _init_alloc                              0x08000711   Thumb Code    94  init_alloc.o(.text)
    __Heap_Initialize                        0x0800076f   Thumb Code    10  h1_init.o(.text)
    __Heap_DescSize                          0x08000779   Thumb Code     4  h1_init.o(.text)
    free                                     0x0800077d   Thumb Code    78  h1_free.o(.text)
    _printf_int_common                       0x080007cb   Thumb Code   178  _printf_intcommon.o(.text)
    _printf_char_common                      0x08000887   Thumb Code    32  _printf_char_common.o(.text)
    _sputc                                   0x080008ad   Thumb Code    10  _sputc.o(.text)
    _printf_cs_common                        0x080008b7   Thumb Code    20  _printf_char.o(.text)
    _printf_char                             0x080008cb   Thumb Code    16  _printf_char.o(.text)
    _printf_string                           0x080008db   Thumb Code     8  _printf_char.o(.text)
    _chval                                   0x080008e3   Thumb Code    28  _chval.o(.text)
    __vfscanf_char                           0x0800090d   Thumb Code    24  scanf_char.o(.text)
    _sgetc                                   0x0800092d   Thumb Code    30  _sgetc.o(.text)
    _sbackspace                              0x0800094b   Thumb Code    34  _sgetc.o(.text)
    __user_libspace                          0x0800096d   Thumb Code     8  libspace.o(.text)
    __user_perproc_libspace                  0x0800096d   Thumb Code     0  libspace.o(.text)
    __user_perthread_libspace                0x0800096d   Thumb Code     0  libspace.o(.text)
    __Heap_ProvideMemory                     0x08000975   Thumb Code    52  h1_extend.o(.text)
    isspace                                  0x080009a9   Thumb Code    18  isspace.o(.text)
    __vfscanf                                0x080009bd   Thumb Code   880  _scanf.o(.text)
    __rt_SIGRTMEM                            0x08000d31   Thumb Code    14  defsig_rtmem_outer.o(.text)
    __I$use$semihosting                      0x08000d3f   Thumb Code     0  use_no_semi.o(.text)
    __use_no_semihosting_swi                 0x08000d3f   Thumb Code     2  use_no_semi.o(.text)
    __semihosting_library_function           0x08000d41   Thumb Code     0  indicate_semi.o(.text)
    __user_setup_stackheap                   0x08000d41   Thumb Code    74  sys_stackheap_outer.o(.text)
    __rt_ctype_table                         0x08000d8d   Thumb Code    16  rt_ctype_table.o(.text)
    exit                                     0x08000d9d   Thumb Code    18  exit.o(.text)
    __sig_exit                               0x08000daf   Thumb Code    10  defsig_exit.o(.text)
    __rt_SIGRTMEM_inner                      0x08000db9   Thumb Code    22  defsig_rtmem_inner.o(.text)
    _sys_exit                                0x08000e09   Thumb Code     8  sys_exit.o(.text)
    __rt_locale                              0x08000e15   Thumb Code     8  rt_locale_intlibspace.o(.text)
    __default_signal_display                 0x08000e1d   Thumb Code    50  defsig_general.o(.text)
    _ttywrch                                 0x08000e4f   Thumb Code    14  sys_wrch.o(.text)
    strcmp                                   0x08000e5d   Thumb Code   128  strcmpv7m.o(.text)
    Delay                                    0x08000edd   Thumb Code    20  appcfg.o(i.Delay)
    Delay_ms                                 0x08000ef5   Thumb Code    24  appcfg.o(i.Delay_ms)
    EXTI0_IRQHandler                         0x08000f0d   Thumb Code    22  muc_exit.o(i.EXTI0_IRQHandler)
    EXTI15_10_IRQHandler                     0x08000f25   Thumb Code    68  muc_exit.o(i.EXTI15_10_IRQHandler)
    EXTI9_5_IRQHandler                       0x08000f71   Thumb Code    70  muc_exit.o(i.EXTI9_5_IRQHandler)
    EXTI_ClearITPendingBit                   0x08000fc1   Thumb Code     6  stm32f10x_exti.o(i.EXTI_ClearITPendingBit)
    EXTI_GetITStatus                         0x08000fcd   Thumb Code    34  stm32f10x_exti.o(i.EXTI_GetITStatus)
    EXTI_Init                                0x08000ff5   Thumb Code   142  stm32f10x_exti.o(i.EXTI_Init)
    GPIO_EXTILineConfig                      0x08001089   Thumb Code    60  stm32f10x_gpio.o(i.GPIO_EXTILineConfig)
    GPIO_ReadInputDataBit                    0x080010c9   Thumb Code    18  stm32f10x_gpio.o(i.GPIO_ReadInputDataBit)
    LCD_Clear                                0x080010dd   Thumb Code   122  muc_lcd93xx.o(i.LCD_Clear)
    LCD_Display_Dir                          0x08001165   Thumb Code   420  muc_lcd93xx.o(i.LCD_Display_Dir)
    LCD_Fast_DrawPoint                       0x0800130d   Thumb Code   590  muc_lcd93xx.o(i.LCD_Fast_DrawPoint)
    LCD_RD_DATA                              0x08001569   Thumb Code    98  muc_lcd93xx.o(i.LCD_RD_DATA)
    LCD_ReadReg                              0x080015d9   Thumb Code    16  muc_lcd93xx.o(i.LCD_ReadReg)
    LCD_Scan_Dir                             0x080015e9   Thumb Code  1076  muc_lcd93xx.o(i.LCD_Scan_Dir)
    LCD_SetCursor                            0x08001a21   Thumb Code   534  muc_lcd93xx.o(i.LCD_SetCursor)
    LCD_ShowChar                             0x08001c45   Thumb Code   272  muc_lcd93xx.o(i.LCD_ShowChar)
    LCD_ShowString                           0x08001d6d   Thumb Code   102  muc_lcd93xx.o(i.LCD_ShowString)
    LCD_WR_DATAX                             0x08001dd5   Thumb Code    28  muc_lcd93xx.o(i.LCD_WR_DATAX)
    LCD_WR_REG                               0x08001df9   Thumb Code    28  muc_lcd93xx.o(i.LCD_WR_REG)
    LCD_WriteRAM_Prepare                     0x08001e1d   Thumb Code    12  muc_lcd93xx.o(i.LCD_WriteRAM_Prepare)
    LCD_WriteReg                             0x08001e2d   Thumb Code    40  muc_lcd93xx.o(i.LCD_WriteReg)
    LED_Initialize                           0x08001e5d   Thumb Code    58  muc_led.o(i.LED_Initialize)
    LED_Off                                  0x08001ea5   Thumb Code    26  muc_led.o(i.LED_Off)
    LED_On                                   0x08001ec9   Thumb Code    30  muc_led.o(i.LED_On)
    NVIC_Init                                0x08001ef1   Thumb Code   100  misc.o(i.NVIC_Init)
    NVIC_PriorityGroupConfig                 0x08001f61   Thumb Code    10  misc.o(i.NVIC_PriorityGroupConfig)
    RS232_Init                               0x08001f75   Thumb Code   126  muc_rs232.o(i.RS232_Init)
    RTC_IRQHandler                           0x08002001   Thumb Code    84  rtc.o(i.RTC_IRQHandler)
    SysTick_Handler                          0x08002145   Thumb Code    12  appcfg.o(i.SysTick_Handler)
    SystemInit                               0x08002155   Thumb Code    78  system_stm32f10x.o(i.SystemInit)
    USART1_IRQHandler                        0x080021b5   Thumb Code    30  muc_rs232.o(i.USART1_IRQHandler)
    _is_digit                                0x080021dd   Thumb Code    14  __printf_wp.o(i._is_digit)
    display_mode0                            0x080021ed   Thumb Code   280  main.o(i.display_mode0)
    display_mode1                            0x08002395   Thumb Code   298  main.o(i.display_mode1)
    display_mode2                            0x08002545   Thumb Code   362  main.o(i.display_mode2)
    display_mode3                            0x08002755   Thumb Code   160  main.o(i.display_mode3)
    lcd_Init                                 0x08002855   Thumb Code  1058  muc_lcd93xx.o(i.lcd_Init)
    main                                     0x08002c79   Thumb Code   220  main.o(i.main)
    muc_EXIT_Init                            0x08002d69   Thumb Code   280  muc_exit.o(i.muc_EXIT_Init)
    parse_time_string                        0x08002e8d   Thumb Code   114  main.o(i.parse_time_string)
    queue_dequeue                            0x08002f25   Thumb Code    48  queue.o(i.queue_dequeue)
    queue_enqueue                            0x08002f55   Thumb Code    46  queue.o(i.queue_enqueue)
    queue_init                               0x08002f83   Thumb Code    34  queue.o(i.queue_init)
    queue_is_empty                           0x08002fa5   Thumb Code    18  queue.o(i.queue_is_empty)
    queue_is_full                            0x08002fb7   Thumb Code    30  queue.o(i.queue_is_full)
    rtc_get_time                             0x08003081   Thumb Code   254  rtc.o(i.rtc_get_time)
    rtc_get_week                             0x0800319d   Thumb Code    80  rtc.o(i.rtc_get_week)
    rtc_init                                 0x080031ed   Thumb Code   510  rtc.o(i.rtc_init)
    rtc_read_bkr                             0x0800342d   Thumb Code    14  rtc.o(i.rtc_read_bkr)
    rtc_set_alarm                            0x08003441   Thumb Code   126  rtc.o(i.rtc_set_alarm)
    rtc_set_time                             0x080034cd   Thumb Code   130  rtc.o(i.rtc_set_time)
    rtc_write_bkr                            0x0800355d   Thumb Code    26  rtc.o(i.rtc_write_bkr)
    _get_lc_ctype                            0x08003581   Thumb Code    44  lc_ctype_c.o(locale$$code)
    asc2_1206                                0x080035ac   Data        1140  muc_lcd93xx.o(.constdata)
    asc2_1608                                0x08003a20   Data        1520  muc_lcd93xx.o(.constdata)
    asc2_2412                                0x08004010   Data        3420  muc_lcd93xx.o(.constdata)
    Region$$Table$$Base                      0x08004dc4   Number         0  anon$$obj.o(Region$$Table)
    Region$$Table$$Limit                     0x08004de4   Number         0  anon$$obj.o(Region$$Table)
    __ctype                                  0x08004df1   Data           0  lc_ctype_c.o(locale$$data)
    xx                                       0x20000000   Data           4  appcfg.o(.data)
    yy                                       0x20000004   Data           4  appcfg.o(.data)
    msTicks                                  0x20000008   Data           4  appcfg.o(.data)
    mode                                     0x2000000c   Data           1  main.o(.data)
    old_mode                                 0x2000000d   Data           1  main.o(.data)
    weekdays                                 0x20000010   Data          28  main.o(.data)
    buffer_index                             0x2000002c   Data           1  main.o(.data)
    data_ready                               0x2000002d   Data           1  main.o(.data)
    POINT_COLOR                              0x2000002e   Data           2  muc_lcd93xx.o(.data)
    BACK_COLOR                               0x20000030   Data           2  muc_lcd93xx.o(.data)
    rx_queue                                 0x20000034   Data          16  main.o(.bss)
    alarm                                    0x20000044   Data          10  main.o(.bss)
    time_buffer                              0x2000004e   Data         128  main.o(.bss)
    lcddev                                   0x200000ce   Data          14  muc_lcd93xx.o(.bss)
    calendar                                 0x200000dc   Data          10  rtc.o(.bss)
    __libspace_start                         0x200000e8   Data          96  libspace.o(.bss)
    __temporary_stack_top$libspace           0x20000148   Data           0  libspace.o(.bss)



==============================================================================

Memory Map of the image

  Image Entry point : 0x08000131

  Load Region LR_IROM1 (Base: 0x08000000, Size: 0x00004f28, Max: 0x00040000, ABSOLUTE)

    Execution Region ER_IROM1 (Exec base: 0x08000000, Load base: 0x08000000, Size: 0x00004ef4, Max: 0x00040000, ABSOLUTE)

    Exec Addr    Load Addr    Size         Type   Attr      Idx    E Section Name        Object

    0x08000000   0x08000000   0x00000130   Data   RO         1096    RESET               startup_stm32f10x_hd.o
    0x08000130   0x08000130   0x00000008   Code   RO         1264  * !!!main             c_w.l(__main.o)
    0x08000138   0x08000138   0x00000034   Code   RO         1508    !!!scatter          c_w.l(__scatter.o)
    0x0800016c   0x0800016c   0x0000001a   Code   RO         1510    !!handler_copy      c_w.l(__scatter_copy.o)
    0x08000186   0x08000186   0x00000002   PAD
    0x08000188   0x08000188   0x0000001c   Code   RO         1512    !!handler_zi        c_w.l(__scatter_zi.o)
    0x080001a4   0x080001a4   0x00000000   Code   RO         1255    .ARM.Collect$$_printf_percent$$00000000  c_w.l(_printf_percent.o)
    0x080001a4   0x080001a4   0x00000006   Code   RO         1254    .ARM.Collect$$_printf_percent$$00000009  c_w.l(_printf_d.o)
    0x080001aa   0x080001aa   0x00000006   Code   RO         1253    .ARM.Collect$$_printf_percent$$00000014  c_w.l(_printf_s.o)
    0x080001b0   0x080001b0   0x00000004   Code   RO         1308    .ARM.Collect$$_printf_percent$$00000017  c_w.l(_printf_percent_end.o)
    0x080001b4   0x080001b4   0x00000002   Code   RO         1435    .ARM.Collect$$libinit$$00000000  c_w.l(libinit.o)
    0x080001b6   0x080001b6   0x00000000   Code   RO         1320    .ARM.Collect$$libinit$$00000002  c_w.l(libinit2.o)
    0x080001b6   0x080001b6   0x00000000   Code   RO         1322    .ARM.Collect$$libinit$$00000004  c_w.l(libinit2.o)
    0x080001b6   0x080001b6   0x00000008   Code   RO         1323    .ARM.Collect$$libinit$$00000005  c_w.l(libinit2.o)
    0x080001be   0x080001be   0x00000000   Code   RO         1325    .ARM.Collect$$libinit$$0000000A  c_w.l(libinit2.o)
    0x080001be   0x080001be   0x00000000   Code   RO         1327    .ARM.Collect$$libinit$$0000000C  c_w.l(libinit2.o)
    0x080001be   0x080001be   0x00000000   Code   RO         1329    .ARM.Collect$$libinit$$0000000E  c_w.l(libinit2.o)
    0x080001be   0x080001be   0x00000006   Code   RO         1330    .ARM.Collect$$libinit$$0000000F  c_w.l(libinit2.o)
    0x080001c4   0x080001c4   0x00000000   Code   RO         1332    .ARM.Collect$$libinit$$00000011  c_w.l(libinit2.o)
    0x080001c4   0x080001c4   0x0000000c   Code   RO         1333    .ARM.Collect$$libinit$$00000012  c_w.l(libinit2.o)
    0x080001d0   0x080001d0   0x00000000   Code   RO         1334    .ARM.Collect$$libinit$$00000013  c_w.l(libinit2.o)
    0x080001d0   0x080001d0   0x00000000   Code   RO         1336    .ARM.Collect$$libinit$$00000015  c_w.l(libinit2.o)
    0x080001d0   0x080001d0   0x00000000   Code   RO         1338    .ARM.Collect$$libinit$$00000017  c_w.l(libinit2.o)
    0x080001d0   0x080001d0   0x00000000   Code   RO         1340    .ARM.Collect$$libinit$$00000019  c_w.l(libinit2.o)
    0x080001d0   0x080001d0   0x00000000   Code   RO         1342    .ARM.Collect$$libinit$$0000001B  c_w.l(libinit2.o)
    0x080001d0   0x080001d0   0x00000000   Code   RO         1344    .ARM.Collect$$libinit$$0000001D  c_w.l(libinit2.o)
    0x080001d0   0x080001d0   0x00000000   Code   RO         1346    .ARM.Collect$$libinit$$0000001F  c_w.l(libinit2.o)
    0x080001d0   0x080001d0   0x00000000   Code   RO         1348    .ARM.Collect$$libinit$$00000021  c_w.l(libinit2.o)
    0x080001d0   0x080001d0   0x00000000   Code   RO         1350    .ARM.Collect$$libinit$$00000023  c_w.l(libinit2.o)
    0x080001d0   0x080001d0   0x00000000   Code   RO         1352    .ARM.Collect$$libinit$$00000025  c_w.l(libinit2.o)
    0x080001d0   0x080001d0   0x00000000   Code   RO         1356    .ARM.Collect$$libinit$$0000002C  c_w.l(libinit2.o)
    0x080001d0   0x080001d0   0x00000000   Code   RO         1358    .ARM.Collect$$libinit$$0000002E  c_w.l(libinit2.o)
    0x080001d0   0x080001d0   0x00000000   Code   RO         1360    .ARM.Collect$$libinit$$00000030  c_w.l(libinit2.o)
    0x080001d0   0x080001d0   0x00000000   Code   RO         1362    .ARM.Collect$$libinit$$00000032  c_w.l(libinit2.o)
    0x080001d0   0x080001d0   0x00000002   Code   RO         1363    .ARM.Collect$$libinit$$00000033  c_w.l(libinit2.o)
    0x080001d2   0x080001d2   0x00000002   Code   RO         1505    .ARM.Collect$$libshutdown$$00000000  c_w.l(libshutdown.o)
    0x080001d4   0x080001d4   0x00000000   Code   RO         1457    .ARM.Collect$$libshutdown$$00000002  c_w.l(libshutdown2.o)
    0x080001d4   0x080001d4   0x00000000   Code   RO         1459    .ARM.Collect$$libshutdown$$00000004  c_w.l(libshutdown2.o)
    0x080001d4   0x080001d4   0x00000000   Code   RO         1461    .ARM.Collect$$libshutdown$$00000006  c_w.l(libshutdown2.o)
    0x080001d4   0x080001d4   0x00000000   Code   RO         1464    .ARM.Collect$$libshutdown$$00000009  c_w.l(libshutdown2.o)
    0x080001d4   0x080001d4   0x00000000   Code   RO         1467    .ARM.Collect$$libshutdown$$0000000C  c_w.l(libshutdown2.o)
    0x080001d4   0x080001d4   0x00000000   Code   RO         1469    .ARM.Collect$$libshutdown$$0000000E  c_w.l(libshutdown2.o)
    0x080001d4   0x080001d4   0x00000000   Code   RO         1472    .ARM.Collect$$libshutdown$$00000011  c_w.l(libshutdown2.o)
    0x080001d4   0x080001d4   0x00000002   Code   RO         1473    .ARM.Collect$$libshutdown$$00000012  c_w.l(libshutdown2.o)
    0x080001d6   0x080001d6   0x00000000   Code   RO         1268    .ARM.Collect$$rtentry$$00000000  c_w.l(__rtentry.o)
    0x080001d6   0x080001d6   0x00000000   Code   RO         1370    .ARM.Collect$$rtentry$$00000002  c_w.l(__rtentry2.o)
    0x080001d6   0x080001d6   0x00000006   Code   RO         1382    .ARM.Collect$$rtentry$$00000004  c_w.l(__rtentry4.o)
    0x080001dc   0x080001dc   0x00000000   Code   RO         1372    .ARM.Collect$$rtentry$$00000009  c_w.l(__rtentry2.o)
    0x080001dc   0x080001dc   0x00000004   Code   RO         1373    .ARM.Collect$$rtentry$$0000000A  c_w.l(__rtentry2.o)
    0x080001e0   0x080001e0   0x00000000   Code   RO         1375    .ARM.Collect$$rtentry$$0000000C  c_w.l(__rtentry2.o)
    0x080001e0   0x080001e0   0x00000008   Code   RO         1376    .ARM.Collect$$rtentry$$0000000D  c_w.l(__rtentry2.o)
    0x080001e8   0x080001e8   0x00000002   Code   RO         1438    .ARM.Collect$$rtexit$$00000000  c_w.l(rtexit.o)
    0x080001ea   0x080001ea   0x00000000   Code   RO         1477    .ARM.Collect$$rtexit$$00000002  c_w.l(rtexit2.o)
    0x080001ea   0x080001ea   0x00000004   Code   RO         1478    .ARM.Collect$$rtexit$$00000003  c_w.l(rtexit2.o)
    0x080001ee   0x080001ee   0x00000006   Code   RO         1479    .ARM.Collect$$rtexit$$00000004  c_w.l(rtexit2.o)
    0x080001f4   0x080001f4   0x00000000   Code   RO         1386    .emb_text           c_w.l(maybetermalloc1.o)
    0x080001f4   0x080001f4   0x00000040   Code   RO         1097    .text               startup_stm32f10x_hd.o
    0x08000234   0x08000234   0x0000005e   Code   RO         1167    .text               c_w.l(h1_alloc.o)
    0x08000292   0x08000292   0x00000002   PAD
    0x08000294   0x08000294   0x00000028   Code   RO         1223    .text               c_w.l(noretval__2sprintf.o)
    0x080002bc   0x080002bc   0x0000004e   Code   RO         1227    .text               c_w.l(_printf_pad.o)
    0x0800030a   0x0800030a   0x00000052   Code   RO         1229    .text               c_w.l(_printf_str.o)
    0x0800035c   0x0800035c   0x00000078   Code   RO         1231    .text               c_w.l(_printf_dec.o)
    0x080003d4   0x080003d4   0x00000138   Code   RO         1245    .text               c_w.l(__printf_flags_wp.o)
    0x0800050c   0x0800050c   0x0000003c   Code   RO         1256    .text               c_w.l(__0sscanf.o)
    0x08000548   0x08000548   0x0000014c   Code   RO         1258    .text               c_w.l(_scanf_int.o)
    0x08000694   0x08000694   0x0000003e   Code   RO         1260    .text               c_w.l(strlen.o)
    0x080006d2   0x080006d2   0x00000006   Code   RO         1262    .text               c_w.l(heapauxi.o)
    0x080006d8   0x080006d8   0x00000008   Code   RO         1272    .text               c_w.l(rt_heap_descriptor_intlibspace.o)
    0x080006e0   0x080006e0   0x00000004   Code   RO         1274    .text               c_w.l(hguard.o)
    0x080006e4   0x080006e4   0x0000008a   Code   RO         1276    .text               c_w.l(init_alloc.o)
    0x0800076e   0x0800076e   0x0000000e   Code   RO         1282    .text               c_w.l(h1_init.o)
    0x0800077c   0x0800077c   0x0000004e   Code   RO         1284    .text               c_w.l(h1_free.o)
    0x080007ca   0x080007ca   0x000000b2   Code   RO         1300    .text               c_w.l(_printf_intcommon.o)
    0x0800087c   0x0800087c   0x00000030   Code   RO         1302    .text               c_w.l(_printf_char_common.o)
    0x080008ac   0x080008ac   0x0000000a   Code   RO         1304    .text               c_w.l(_sputc.o)
    0x080008b6   0x080008b6   0x0000002c   Code   RO         1306    .text               c_w.l(_printf_char.o)
    0x080008e2   0x080008e2   0x0000001c   Code   RO         1309    .text               c_w.l(_chval.o)
    0x080008fe   0x080008fe   0x00000002   PAD
    0x08000900   0x08000900   0x0000002c   Code   RO         1311    .text               c_w.l(scanf_char.o)
    0x0800092c   0x0800092c   0x00000040   Code   RO         1313    .text               c_w.l(_sgetc.o)
    0x0800096c   0x0800096c   0x00000008   Code   RO         1366    .text               c_w.l(libspace.o)
    0x08000974   0x08000974   0x00000034   Code   RO         1388    .text               c_w.l(h1_extend.o)
    0x080009a8   0x080009a8   0x00000012   Code   RO         1392    .text               c_w.l(isspace.o)
    0x080009ba   0x080009ba   0x00000002   PAD
    0x080009bc   0x080009bc   0x00000374   Code   RO         1396    .text               c_w.l(_scanf.o)
    0x08000d30   0x08000d30   0x0000000e   Code   RO         1398    .text               c_w.l(defsig_rtmem_outer.o)
    0x08000d3e   0x08000d3e   0x00000002   Code   RO         1409    .text               c_w.l(use_no_semi.o)
    0x08000d40   0x08000d40   0x00000000   Code   RO         1411    .text               c_w.l(indicate_semi.o)
    0x08000d40   0x08000d40   0x0000004a   Code   RO         1412    .text               c_w.l(sys_stackheap_outer.o)
    0x08000d8a   0x08000d8a   0x00000002   PAD
    0x08000d8c   0x08000d8c   0x00000010   Code   RO         1414    .text               c_w.l(rt_ctype_table.o)
    0x08000d9c   0x08000d9c   0x00000012   Code   RO         1420    .text               c_w.l(exit.o)
    0x08000dae   0x08000dae   0x0000000a   Code   RO         1422    .text               c_w.l(defsig_exit.o)
    0x08000db8   0x08000db8   0x00000050   Code   RO         1424    .text               c_w.l(defsig_rtmem_inner.o)
    0x08000e08   0x08000e08   0x0000000c   Code   RO         1436    .text               c_w.l(sys_exit.o)
    0x08000e14   0x08000e14   0x00000008   Code   RO         1443    .text               c_w.l(rt_locale_intlibspace.o)
    0x08000e1c   0x08000e1c   0x00000032   Code   RO         1454    .text               c_w.l(defsig_general.o)
    0x08000e4e   0x08000e4e   0x0000000e   Code   RO         1474    .text               c_w.l(sys_wrch.o)
    0x08000e5c   0x08000e5c   0x00000080   Code   RO         1485    .text               c_w.l(strcmpv7m.o)
    0x08000edc   0x08000edc   0x00000018   Code   RO            4    i.Delay             appcfg.o
    0x08000ef4   0x08000ef4   0x00000018   Code   RO            5    i.Delay_ms          appcfg.o
    0x08000f0c   0x08000f0c   0x00000016   Code   RO          602    i.EXTI0_IRQHandler  muc_exit.o
    0x08000f22   0x08000f22   0x00000002   PAD
    0x08000f24   0x08000f24   0x0000004c   Code   RO          603    i.EXTI15_10_IRQHandler  muc_exit.o
    0x08000f70   0x08000f70   0x00000050   Code   RO          604    i.EXTI9_5_IRQHandler  muc_exit.o
    0x08000fc0   0x08000fc0   0x0000000c   Code   RO          694    i.EXTI_ClearITPendingBit  stm32f10x_exti.o
    0x08000fcc   0x08000fcc   0x00000028   Code   RO          698    i.EXTI_GetITStatus  stm32f10x_exti.o
    0x08000ff4   0x08000ff4   0x00000094   Code   RO          699    i.EXTI_Init         stm32f10x_exti.o
    0x08001088   0x08001088   0x00000040   Code   RO          762    i.GPIO_EXTILineConfig  stm32f10x_gpio.o
    0x080010c8   0x080010c8   0x00000012   Code   RO          769    i.GPIO_ReadInputDataBit  stm32f10x_gpio.o
    0x080010da   0x080010da   0x00000002   PAD
    0x080010dc   0x080010dc   0x00000088   Code   RO          194    i.LCD_Clear         muc_lcd93xx.o
    0x08001164   0x08001164   0x000001a8   Code   RO          198    i.LCD_Display_Dir   muc_lcd93xx.o
    0x0800130c   0x0800130c   0x0000025c   Code   RO          203    i.LCD_Fast_DrawPoint  muc_lcd93xx.o
    0x08001568   0x08001568   0x00000070   Code   RO          207    i.LCD_RD_DATA       muc_lcd93xx.o
    0x080015d8   0x080015d8   0x00000010   Code   RO          209    i.LCD_ReadReg       muc_lcd93xx.o
    0x080015e8   0x080015e8   0x00000438   Code   RO          210    i.LCD_Scan_Dir      muc_lcd93xx.o
    0x08001a20   0x08001a20   0x00000224   Code   RO          211    i.LCD_SetCursor     muc_lcd93xx.o
    0x08001c44   0x08001c44   0x00000128   Code   RO          213    i.LCD_ShowChar      muc_lcd93xx.o
    0x08001d6c   0x08001d6c   0x00000066   Code   RO          215    i.LCD_ShowString    muc_lcd93xx.o
    0x08001dd2   0x08001dd2   0x00000002   PAD
    0x08001dd4   0x08001dd4   0x00000024   Code   RO          217    i.LCD_WR_DATAX      muc_lcd93xx.o
    0x08001df8   0x08001df8   0x00000024   Code   RO          218    i.LCD_WR_REG        muc_lcd93xx.o
    0x08001e1c   0x08001e1c   0x00000010   Code   RO          220    i.LCD_WriteRAM_Prepare  muc_lcd93xx.o
    0x08001e2c   0x08001e2c   0x00000030   Code   RO          221    i.LCD_WriteReg      muc_lcd93xx.o
    0x08001e5c   0x08001e5c   0x00000048   Code   RO          566    i.LED_Initialize    muc_led.o
    0x08001ea4   0x08001ea4   0x00000024   Code   RO          567    i.LED_Off           muc_led.o
    0x08001ec8   0x08001ec8   0x00000028   Code   RO          568    i.LED_On            muc_led.o
    0x08001ef0   0x08001ef0   0x00000070   Code   RO          645    i.NVIC_Init         misc.o
    0x08001f60   0x08001f60   0x00000014   Code   RO          646    i.NVIC_PriorityGroupConfig  misc.o
    0x08001f74   0x08001f74   0x0000008c   Code   RO          441    i.RS232_Init        muc_rs232.o
    0x08002000   0x08002000   0x0000005c   Code   RO          482    i.RTC_IRQHandler    rtc.o
    0x0800205c   0x0800205c   0x00000008   Code   RO         1104    i.SetSysClock       system_stm32f10x.o
    0x08002064   0x08002064   0x000000e0   Code   RO         1105    i.SetSysClockTo72   system_stm32f10x.o
    0x08002144   0x08002144   0x00000010   Code   RO            6    i.SysTick_Handler   appcfg.o
    0x08002154   0x08002154   0x00000060   Code   RO         1107    i.SystemInit        system_stm32f10x.o
    0x080021b4   0x080021b4   0x00000028   Code   RO          442    i.USART1_IRQHandler  muc_rs232.o
    0x080021dc   0x080021dc   0x0000000e   Code   RO         1243    i._is_digit         c_w.l(__printf_wp.o)
    0x080021ea   0x080021ea   0x00000002   PAD
    0x080021ec   0x080021ec   0x000001a8   Code   RO           98    i.display_mode0     main.o
    0x08002394   0x08002394   0x000001b0   Code   RO           99    i.display_mode1     main.o
    0x08002544   0x08002544   0x00000210   Code   RO          100    i.display_mode2     main.o
    0x08002754   0x08002754   0x00000100   Code   RO          101    i.display_mode3     main.o
    0x08002854   0x08002854   0x00000422   Code   RO          222    i.lcd_Init          muc_lcd93xx.o
    0x08002c76   0x08002c76   0x00000002   PAD
    0x08002c78   0x08002c78   0x000000f0   Code   RO          102    i.main              main.o
    0x08002d68   0x08002d68   0x00000124   Code   RO          605    i.muc_EXIT_Init     muc_exit.o
    0x08002e8c   0x08002e8c   0x00000098   Code   RO          103    i.parse_time_string  main.o
    0x08002f24   0x08002f24   0x00000030   Code   RO          399    i.queue_dequeue     queue.o
    0x08002f54   0x08002f54   0x0000002e   Code   RO          400    i.queue_enqueue     queue.o
    0x08002f82   0x08002f82   0x00000022   Code   RO          401    i.queue_init        queue.o
    0x08002fa4   0x08002fa4   0x00000012   Code   RO          402    i.queue_is_empty    queue.o
    0x08002fb6   0x08002fb6   0x0000001e   Code   RO          403    i.queue_is_full     queue.o
    0x08002fd4   0x08002fd4   0x000000ac   Code   RO          483    i.rtc_date2sec      rtc.o
    0x08003080   0x08003080   0x0000011c   Code   RO          484    i.rtc_get_time      rtc.o
    0x0800319c   0x0800319c   0x00000050   Code   RO          485    i.rtc_get_week      rtc.o
    0x080031ec   0x080031ec   0x0000020c   Code   RO          486    i.rtc_init          rtc.o
    0x080033f8   0x080033f8   0x00000032   Code   RO          487    i.rtc_is_leap_year  rtc.o
    0x0800342a   0x0800342a   0x00000002   PAD
    0x0800342c   0x0800342c   0x00000014   Code   RO          488    i.rtc_read_bkr      rtc.o
    0x08003440   0x08003440   0x0000008c   Code   RO          489    i.rtc_set_alarm     rtc.o
    0x080034cc   0x080034cc   0x00000090   Code   RO          490    i.rtc_set_time      rtc.o
    0x0800355c   0x0800355c   0x00000024   Code   RO          491    i.rtc_write_bkr     rtc.o
    0x08003580   0x08003580   0x0000002c   Code   RO         1450    locale$$code        c_w.l(lc_ctype_c.o)
    0x080035ac   0x080035ac   0x000017c0   Data   RO          224    .constdata          muc_lcd93xx.o
    0x08004d6c   0x08004d6c   0x00000011   Data   RO         1246    .constdata          c_w.l(__printf_flags_wp.o)
    0x08004d7d   0x08004d7d   0x00000003   PAD
    0x08004d80   0x08004d80   0x00000041   Data   RO          105    .conststring        main.o
    0x08004dc1   0x08004dc1   0x00000003   PAD
    0x08004dc4   0x08004dc4   0x00000020   Data   RO         1506    Region$$Table       anon$$obj.o
    0x08004de4   0x08004de4   0x00000110   Data   RO         1449    locale$$data        c_w.l(lc_ctype_c.o)


    Execution Region RW_IRAM1 (Exec base: 0x20000000, Load base: 0x08004ef4, Size: 0x00000748, Max: 0x0000c000, ABSOLUTE)

    Exec Addr    Load Addr    Size         Type   Attr      Idx    E Section Name        Object

    0x20000000   0x08004ef4   0x0000000c   Data   RW            7    .data               appcfg.o
    0x2000000c   0x08004f00   0x00000022   Data   RW          106    .data               main.o
    0x2000002e   0x08004f22   0x00000004   Data   RW          225    .data               muc_lcd93xx.o
    0x20000032   0x08004f26   0x00000002   Data   RW          493    .data               rtc.o
    0x20000034        -       0x0000009a   Zero   RW          104    .bss                main.o
    0x200000ce        -       0x0000000e   Zero   RW          223    .bss                muc_lcd93xx.o
    0x200000dc        -       0x0000000a   Zero   RW          492    .bss                rtc.o
    0x200000e6   0x08004f28   0x00000002   PAD
    0x200000e8        -       0x00000060   Zero   RW         1367    .bss                c_w.l(libspace.o)
    0x20000148        -       0x00000200   Zero   RW         1095    HEAP                startup_stm32f10x_hd.o
    0x20000348        -       0x00000400   Zero   RW         1094    STACK               startup_stm32f10x_hd.o


==============================================================================

Image component sizes


      Code (inc. data)   RO Data    RW Data    ZI Data      Debug   Object Name

        64          8          0         12          0     223497   appcfg.o
      2032        598         65         34        154      30809   main.o
       132         22          0          0          0       1691   misc.o
       470         30          0          0          0       2007   muc_exit.o
      4512        176       6080          4         14      14021   muc_lcd93xx.o
       148         34          0          0          0       1180   muc_led.o
       180         24          0          0          0       1065   muc_rs232.o
       176          0          0          0          0       3002   queue.o
      1542        102          0          2         10       7434   rtc.o
        64         26        304          0       1536        804   startup_stm32f10x_hd.o
       200         18          0          0          0       2292   stm32f10x_exti.o
        82          4          0          0          0       2370   stm32f10x_gpio.o
       328         28          0          0          0       1889   system_stm32f10x.o

    ----------------------------------------------------------------------
      9940       1070       6484         52       1716     292061   Object Totals
         0          0         32          0          0          0   (incl. Generated)
        10          0          3          0          2          0   (incl. Padding)

    ----------------------------------------------------------------------

      Code (inc. data)   RO Data    RW Data    ZI Data      Debug   Library Member Name

        60          8          0          0          0         84   __0sscanf.o
         8          0          0          0          0         68   __main.o
       312          4         17          0          0         92   __printf_flags_wp.o
        14          0          0          0          0         68   __printf_wp.o
         0          0          0          0          0          0   __rtentry.o
        12          0          0          0          0          0   __rtentry2.o
         6          0          0          0          0          0   __rtentry4.o
        52          8          0          0          0          0   __scatter.o
        26          0          0          0          0          0   __scatter_copy.o
        28          0          0          0          0          0   __scatter_zi.o
        28          0          0          0          0         68   _chval.o
        44          0          0          0          0        108   _printf_char.o
        48          6          0          0          0         96   _printf_char_common.o
         6          0          0          0          0          0   _printf_d.o
       120         16          0          0          0         92   _printf_dec.o
       178          0          0          0          0         88   _printf_intcommon.o
        78          0          0          0          0        108   _printf_pad.o
         0          0          0          0          0          0   _printf_percent.o
         4          0          0          0          0          0   _printf_percent_end.o
         6          0          0          0          0          0   _printf_s.o
        82          0          0          0          0         80   _printf_str.o
       884          4          0          0          0        100   _scanf.o
       332          0          0          0          0         96   _scanf_int.o
        64          0          0          0          0         84   _sgetc.o
        10          0          0          0          0         68   _sputc.o
        10          0          0          0          0         68   defsig_exit.o
        50          0          0          0          0         88   defsig_general.o
        80         58          0          0          0         76   defsig_rtmem_inner.o
        14          0          0          0          0         80   defsig_rtmem_outer.o
        18          0          0          0          0         80   exit.o
        94          0          0          0          0         80   h1_alloc.o
        52          0          0          0          0         68   h1_extend.o
        78          0          0          0          0         80   h1_free.o
        14          0          0          0          0         84   h1_init.o
         6          0          0          0          0        152   heapauxi.o
         4          0          0          0          0        136   hguard.o
         0          0          0          0          0          0   indicate_semi.o
       138          0          0          0          0        168   init_alloc.o
        18          0          0          0          0         76   isspace.o
        44         10        272          0          0         76   lc_ctype_c.o
         2          0          0          0          0          0   libinit.o
        28          0          0          0          0          0   libinit2.o
         2          0          0          0          0          0   libshutdown.o
         2          0          0          0          0          0   libshutdown2.o
         8          4          0          0         96         68   libspace.o
         0          0          0          0          0          0   maybetermalloc1.o
        40          6          0          0          0         84   noretval__2sprintf.o
        16          4          0          0          0         76   rt_ctype_table.o
         8          4          0          0          0         68   rt_heap_descriptor_intlibspace.o
         8          4          0          0          0         68   rt_locale_intlibspace.o
         2          0          0          0          0          0   rtexit.o
        10          0          0          0          0          0   rtexit2.o
        44          8          0          0          0         84   scanf_char.o
       128          0          0          0          0         68   strcmpv7m.o
        62          0          0          0          0         76   strlen.o
        12          4          0          0          0         68   sys_exit.o
        74          0          0          0          0         80   sys_stackheap_outer.o
        14          0          0          0          0         76   sys_wrch.o
         2          0          0          0          0         68   use_no_semi.o

    ----------------------------------------------------------------------
      3496        148        292          0         96       3496   Library Totals
        12          0          3          0          0          0   (incl. Padding)

    ----------------------------------------------------------------------

      Code (inc. data)   RO Data    RW Data    ZI Data      Debug   Library Name

      3484        148        289          0         96       3496   c_w.l

    ----------------------------------------------------------------------
      3496        148        292          0         96       3496   Library Totals

    ----------------------------------------------------------------------

==============================================================================


      Code (inc. data)   RO Data    RW Data    ZI Data      Debug   

     13436       1218       6776         52       1812     290769   Grand Totals
     13436       1218       6776         52       1812     290769   ELF Image Totals
     13436       1218       6776         52          0          0   ROM Totals

==============================================================================

    Total RO  Size (Code + RO Data)                20212 (  19.74kB)
    Total RW  Size (RW Data + ZI Data)              1864 (   1.82kB)
    Total ROM Size (Code + RO Data + RW Data)      20264 (  19.79kB)

==============================================================================

